Archive member included to satisfy reference by file (symbol)

c:/ti/msp430_gcc/bin/../lib/gcc/msp430-elf/6.2.1\libgcc.a(lib2divSI.o)
                              ./src/can.o (__mspabi_divul)
c:/ti/msp430_gcc/bin/../lib/gcc/msp430-elf/6.2.1\libgcc.a(slli.o)
                              ./src/can.o (__mspabi_slli)
c:/ti/msp430_gcc/bin/../lib/gcc/msp430-elf/6.2.1\libgcc.a(srai.o)
                              ./src/can.o (__mspabi_sral)
c:/ti/msp430_gcc/bin/../lib/gcc/msp430-elf/6.2.1\libgcc.a(srli.o)
                              ./src/can.o (__mspabi_srli)
c:/ti/msp430_gcc/bin/../lib/gcc/msp430-elf/6.2.1\libgcc.a(_udivdi3.o)
                              c:/ti/msp430_gcc/bin/../lib/gcc/msp430-elf/6.2.1\libgcc.a(lib2divSI.o) (__mspabi_divull)
c:/ti/msp430_gcc/bin/../lib/gcc/msp430-elf/6.2.1\libgcc.a(_lshrdi3.o)
                              c:/ti/msp430_gcc/bin/../lib/gcc/msp430-elf/6.2.1\libgcc.a(_udivdi3.o) (__lshrdi3)
c:/ti/msp430_gcc/bin/../lib/gcc/msp430-elf/6.2.1\libgcc.a(_ashldi3.o)
                              c:/ti/msp430_gcc/bin/../lib/gcc/msp430-elf/6.2.1\libgcc.a(_udivdi3.o) (__ashldi3)
c:/ti/msp430_gcc/bin/../lib/gcc/msp430-elf/6.2.1\libgcc.a(_clzdi2.o)
                              c:/ti/msp430_gcc/bin/../lib/gcc/msp430-elf/6.2.1\libgcc.a(_udivdi3.o) (__clzdi2)
c:/ti/msp430_gcc/bin/../lib/gcc/msp430-elf/6.2.1\libgcc.a(_clz.o)
                              c:/ti/msp430_gcc/bin/../lib/gcc/msp430-elf/6.2.1\libgcc.a(_clzdi2.o) (__clz_tab)
E:/TUGraz/ICE/RTBS/Lab/RTBS_BaseProject/RTBS_BaseProject/libs/RTOS\libBase_RTOS_lib.a(core.o)
                              ./src/main.o (__hwirq_43)
E:/TUGraz/ICE/RTBS/Lab/RTBS_BaseProject/RTBS_BaseProject/libs/RTOS\libBase_RTOS_lib.a(kernel.o)
                              E:/TUGraz/ICE/RTBS/Lab/RTBS_BaseProject/RTBS_BaseProject/libs/RTOS\libBase_RTOS_lib.a(core.o) (OSPanic)
E:/TUGraz/ICE/RTBS/Lab/RTBS_BaseProject/RTBS_BaseProject/libs/RTOS\libBase_RTOS_lib.a(timer.o)
                              E:/TUGraz/ICE/RTBS/Lab/RTBS_BaseProject/RTBS_BaseProject/libs/RTOS\libBase_RTOS_lib.a(kernel.o) (os_initSystemTimer)
E:/TUGraz/ICE/RTBS/Lab/RTBS_BaseProject/RTBS_BaseProject/libs/RTOS\libBase_RTOS_lib.a(sysinfo.o)
                              E:/TUGraz/ICE/RTBS/Lab/RTBS_BaseProject/RTBS_BaseProject/libs/RTOS\libBase_RTOS_lib.a(kernel.o) (os_printSystemInformation)
E:/TUGraz/ICE/RTBS/Lab/RTBS_BaseProject/RTBS_BaseProject/libs/RTOS\libBase_RTOS_lib.a(printfx.o)
                              ./src/can.o (printf)
E:/TUGraz/ICE/RTBS/Lab/RTBS_BaseProject/RTBS_BaseProject/libs/RTOS\libBase_RTOS_lib.a(sysclk.o)
                              ./src/main.o (sysclk_setClocks)
E:/TUGraz/ICE/RTBS/Lab/RTBS_BaseProject/RTBS_BaseProject/libs/RTOS\libBase_RTOS_lib.a(uart_tx.o)
                              E:/TUGraz/ICE/RTBS/Lab/RTBS_BaseProject/RTBS_BaseProject/libs/RTOS\libBase_RTOS_lib.a(printfx.o) (putchar)
E:/TUGraz/ICE/RTBS/Lab/RTBS_BaseProject/RTBS_BaseProject/libs/RTOS\libBase_RTOS_lib.a(pmm.o)
                              E:/TUGraz/ICE/RTBS/Lab/RTBS_BaseProject/RTBS_BaseProject/libs/RTOS\libBase_RTOS_lib.a(sysclk.o) (PMM_setVCore)
E:/TUGraz/ICE/RTBS/Lab/RTBS_BaseProject/RTBS_BaseProject/libs\libRTBS_CAN_Tests.a(can_tests.o)
                              ./src/can.o (TEST_sendBit)
c:/ti/msp430_gcc/bin/../lib/gcc/msp430-elf/6.2.1\libgcc.a(lib2divHI.o)
                              E:/TUGraz/ICE/RTBS/Lab/RTBS_BaseProject/RTBS_BaseProject/libs/RTOS\libBase_RTOS_lib.a(timer.o) (__mspabi_divu)
c:/ti/msp430_gcc/bin/../lib/gcc/msp430-elf/6.2.1\libmul_f5.a(lib2hw_mul_f5.o)
                              E:/TUGraz/ICE/RTBS/Lab/RTBS_BaseProject/RTBS_BaseProject/libs/RTOS\libBase_RTOS_lib.a(kernel.o) (__mulhi2_f5)
c:/ti/msp430_gcc/bin/../lib/gcc/msp430-elf/6.2.1/../../../../msp430-elf/lib\libc.a(lib_a-memcmp.o)
                              E:/TUGraz/ICE/RTBS/Lab/RTBS_BaseProject/RTBS_BaseProject/libs\libRTBS_CAN_Tests.a(can_tests.o) (memcmp)
c:/ti/msp430_gcc/bin/../lib/gcc/msp430-elf/6.2.1/../../../../msp430-elf/lib\libc.a(lib_a-memcpy.o)
                              E:/TUGraz/ICE/RTBS/Lab/RTBS_BaseProject/RTBS_BaseProject/libs\libRTBS_CAN_Tests.a(can_tests.o) (memcpy)
c:/ti/msp430_gcc/bin/../lib/gcc/msp430-elf/6.2.1/../../../../msp430-elf/lib\libc.a(lib_a-memset.o)
                              ./src/can.o (memset)
c:/ti/msp430_gcc/bin/../lib/gcc/msp430-elf/6.2.1/../../../../msp430-elf/lib\libc.a(lib_a-puts.o)
                              E:/TUGraz/ICE/RTBS/Lab/RTBS_BaseProject/RTBS_BaseProject/libs/RTOS\libBase_RTOS_lib.a(kernel.o) (puts)
c:/ti/msp430_gcc/bin/../lib/gcc/msp430-elf/6.2.1/../../../../msp430-elf/lib\libc.a(lib_a-strlen.o)
                              c:/ti/msp430_gcc/bin/../lib/gcc/msp430-elf/6.2.1/../../../../msp430-elf/lib\libc.a(lib_a-puts.o) (strlen)
c:/ti/msp430_gcc/bin/../lib/gcc/msp430-elf/6.2.1/../../../../msp430-elf/lib\libc.a(lib_a-findfp.o)
[...]
Memory Configuration

Name             Origin             Length             Attributes
SFR              0x00000000         0x00000010
PERIPHERAL_8BIT  0x00000010         0x000000f0
PERIPHERAL_16BIT 0x00000100         0x00000100
BSL              0x00001000         0x00000800
INFOMEM          0x00001800         0x00000200
INFOD            0x00001800         0x00000080
INFOC            0x00001880         0x00000080
INFOB            0x00001900         0x00000080
INFOA            0x00001980         0x00000080
USBRAM           0x00001c00         0x00000800
RAM              0x00002400         0x00002000
ROM              0x00004400         0x0000bb80         xr
VECT1            0x0000ff80         0x00000002
VECT2            0x0000ff82         0x00000002
VECT3            0x0000ff84         0x00000002
VECT4            0x0000ff86         0x00000002
VECT5            0x0000ff88         0x00000002
VECT6            0x0000ff8a         0x00000002
VECT7            0x0000ff8c         0x00000002
VECT8            0x0000ff8e         0x00000002
VECT9            0x0000ff90         0x00000002
VECT10           0x0000ff92         0x00000002
VECT11           0x0000ff94         0x00000002
VECT12           0x0000ff96         0x00000002
VECT13           0x0000ff98         0x00000002
VECT14           0x0000ff9a         0x00000002
VECT15           0x0000ff9c         0x00000002
VECT16           0x0000ff9e         0x00000002
VECT17           0x0000ffa0         0x00000002
VECT18           0x0000ffa2         0x00000002
VECT19           0x0000ffa4         0x00000002
VECT20           0x0000ffa6         0x00000002
VECT21           0x0000ffa8         0x00000002
VECT22           0x0000ffaa         0x00000002
VECT23           0x0000ffac         0x00000002
VECT24           0x0000ffae         0x00000002
VECT25           0x0000ffb0         0x00000002
VECT26           0x0000ffb2         0x00000002
VECT27           0x0000ffb4         0x00000002
VECT28           0x0000ffb6         0x00000002
VECT29           0x0000ffb8         0x00000002
VECT30           0x0000ffba         0x00000002
VECT31           0x0000ffbc         0x00000002
VECT32           0x0000ffbe         0x00000002
VECT33           0x0000ffc0         0x00000002
VECT34           0x0000ffc2         0x00000002
VECT35           0x0000ffc4         0x00000002
VECT36           0x0000ffc6         0x00000002
VECT37           0x0000ffc8         0x00000002
VECT38           0x0000ffca         0x00000002
VECT39           0x0000ffcc         0x00000002
VECT40           0x0000ffce         0x00000002
VECT41           0x0000ffd0         0x00000002
VECT42           0x0000ffd2         0x00000002
VECT43           0x0000ffd4         0x00000002
VECT44           0x0000ffd6         0x00000002
VECT45           0x0000ffd8         0x00000002
VECT46           0x0000ffda         0x00000002
VECT47           0x0000ffdc         0x00000002
VECT48           0x0000ffde         0x00000002
VECT49           0x0000ffe0         0x00000002
VECT50           0x0000ffe2         0x00000002
VECT51           0x0000ffe4         0x00000002
VECT52           0x0000ffe6         0x00000002
VECT53           0x0000ffe8         0x00000002
VECT54           0x0000ffea         0x00000002
VECT55           0x0000ffec         0x00000002
VECT56           0x0000ffee         0x00000002
VECT57           0x0000fff0         0x00000002
VECT58           0x0000fff2         0x00000002
VECT59           0x0000fff4         0x00000002
VECT60           0x0000fff6         0x00000002
VECT61           0x0000fff8         0x00000002
VECT62           0x0000fffa         0x00000002
VECT63           0x0000fffc         0x00000002
RESETVEC         0x0000fffe         0x00000002
HIROM            0x00010000         0x000143ff         xr
*default*        0x00000000         0xffffffff

Linker script and memory map

LOAD c:/ti/msp430_gcc/bin/../lib/gcc/msp430-elf/6.2.1/../../../../msp430-elf/lib/crt0.o
LOAD c:/ti/msp430_gcc/bin/../lib/gcc/msp430-elf/6.2.1/crtbegin.o
LOAD ./src/can.o
LOAD ./src/main.o
START GROUP
LOAD c:/ti/msp430_gcc/bin/../lib/gcc/msp430-elf/6.2.1\libgcc.a
LOAD E:/TUGraz/ICE/RTBS/Lab/RTBS_BaseProject/RTBS_BaseProject/libs/RTOS\libBase_RTOS_lib.a
LOAD E:/TUGraz/ICE/RTBS/Lab/RTBS_BaseProject/RTBS_BaseProject/libs\libRTBS_CAN_Tests.a
END GROUP
LOAD ../libs/RTOS/libBase_RTOS_lib.a
LOAD ../libs/libRTBS_CAN_Tests.a
LOAD c:/ti/msp430_gcc/bin/../lib/gcc/msp430-elf/6.2.1\libgcc.a
START GROUP
LOAD c:/ti/msp430_gcc/bin/../lib/gcc/msp430-elf/6.2.1\libmul_f5.a
LOAD c:/ti/msp430_gcc/bin/../lib/gcc/msp430-elf/6.2.1/../../../../msp430-elf/lib\libc.a
LOAD c:/ti/msp430_gcc/bin/../lib/gcc/msp430-elf/6.2.1\libgcc.a
LOAD c:/ti/msp430_gcc/bin/../lib/gcc/msp430-elf/6.2.1/../../../../msp430-elf/lib\libcrt.a
LOAD c:/ti/msp430_gcc/bin/../lib/gcc/msp430-elf/6.2.1/../../../../msp430-elf/lib\libnosys.a
END GROUP
LOAD c:/ti/msp430_gcc/bin/../lib/gcc/msp430-elf/6.2.1\libgcc.a
LOAD c:/ti/msp430_gcc/bin/../lib/gcc/msp430-elf/6.2.1/crtend.o
LOAD c:/ti/msp430_gcc/bin/../lib/gcc/msp430-elf/6.2.1/../../../../msp430-elf/lib/crtn.o
LOAD c:/ti/msp430_gcc/bin/../lib/gcc/msp430-elf/6.2.1\libgcc.a

__interrupt_vector_1
 *(__interrupt_vector_1)

__interrupt_vector_2
 *(__interrupt_vector_2)

__interrupt_vector_3
 *(__interrupt_vector_3)

__interrupt_vector_4
 *(__interrupt_vector_4)

__interrupt_vector_5
 *(__interrupt_vector_5)

__interrupt_vector_6
 *(__interrupt_vector_6)

__interrupt_vector_7
 *(__interrupt_vector_7)

__interrupt_vector_8
 *(__interrupt_vector_8)

__interrupt_vector_9
 *(__interrupt_vector_9)

__interrupt_vector_10
 *(__interrupt_vector_10)

__interrupt_vector_11
 *(__interrupt_vector_11)

__interrupt_vector_12
 *(__interrupt_vector_12)

__interrupt_vector_13
 *(__interrupt_vector_13)

__interrupt_vector_14
 *(__interrupt_vector_14)

__interrupt_vector_15
 *(__interrupt_vector_15)

__interrupt_vector_16
 *(__interrupt_vector_16)

__interrupt_vector_17
 *(__interrupt_vector_17)

__interrupt_vector_18
 *(__interrupt_vector_18)

__interrupt_vector_19
 *(__interrupt_vector_19)

__interrupt_vector_20
 *(__interrupt_vector_20)

__interrupt_vector_21
 *(__interrupt_vector_21)

__interrupt_vector_22
 *(__interrupt_vector_22)

__interrupt_vector_23
 *(__interrupt_vector_23)

__interrupt_vector_24
 *(__interrupt_vector_24)

__interrupt_vector_25
 *(__interrupt_vector_25)

__interrupt_vector_26
 *(__interrupt_vector_26)

__interrupt_vector_27
 *(__interrupt_vector_27)

__interrupt_vector_28
 *(__interrupt_vector_28)

__interrupt_vector_29
 *(__interrupt_vector_29)

__interrupt_vector_30
 *(__interrupt_vector_30)

__interrupt_vector_31
 *(__interrupt_vector_31)

__interrupt_vector_32
 *(__interrupt_vector_32)

__interrupt_vector_33
 *(__interrupt_vector_33)

__interrupt_vector_34
 *(__interrupt_vector_34)

__interrupt_vector_35
 *(__interrupt_vector_35)

__interrupt_vector_36
 *(__interrupt_vector_36)

__interrupt_vector_37
 *(__interrupt_vector_37)

__interrupt_vector_38
 *(__interrupt_vector_38)

__interrupt_vector_39
 *(__interrupt_vector_39)

__interrupt_vector_40
 *(__interrupt_vector_40)

__interrupt_vector_41
 *(__interrupt_vector_41)

__interrupt_vector_42
 *(__interrupt_vector_42)
 *(__interrupt_vector_rtc)

__interrupt_vector_43
                0x0000ffd4        0x2
 *(__interrupt_vector_43)
 __interrupt_vector_43
                0x0000ffd4        0x2 ./src/main.o
 *(__interrupt_vector_port2)

__interrupt_vector_44
 *(__interrupt_vector_44)
 *(__interrupt_vector_timer2_a1)

__interrupt_vector_45
 *(__interrupt_vector_45)
 *(__interrupt_vector_timer2_a0)

__interrupt_vector_46
 *(__interrupt_vector_46)
 *(__interrupt_vector_usci_b1)

__interrupt_vector_47
 *(__interrupt_vector_47)
 *(__interrupt_vector_usci_a1)

__interrupt_vector_48
                0x0000ffde        0x2
 *(__interrupt_vector_48)
 __interrupt_vector_48
                0x0000ffde        0x2 ./src/main.o
 *(__interrupt_vector_port1)

__interrupt_vector_49
 *(__interrupt_vector_49)
 *(__interrupt_vector_timer1_a1)

__interrupt_vector_50
 *(__interrupt_vector_50)
 *(__interrupt_vector_timer1_a0)

__interrupt_vector_51
 *(__interrupt_vector_51)
 *(__interrupt_vector_dma)

__interrupt_vector_52
 *(__interrupt_vector_52)
 *(__interrupt_vector_usb_ubm)

__interrupt_vector_53
                0x0000ffe8        0x2
 *(__interrupt_vector_53)
 __interrupt_vector_53
                0x0000ffe8        0x2 E:/TUGraz/ICE/RTBS/Lab/RTBS_BaseProject/RTBS_BaseProject/libs/RTOS\libBase_RTOS_lib.a(timer.o)
 *(__interrupt_vector_timer0_a1)

__interrupt_vector_54
 *(__interrupt_vector_54)
 *(__interrupt_vector_timer0_a0)

__interrupt_vector_55
 *(__interrupt_vector_55)
 *(__interrupt_vector_adc12)

__interrupt_vector_56
 *(__interrupt_vector_56)
 *(__interrupt_vector_usci_b0)

__interrupt_vector_57
 *(__interrupt_vector_57)
 *(__interrupt_vector_usci_a0)

__interrupt_vector_58
 *(__interrupt_vector_58)
 *(__interrupt_vector_wdt)

__interrupt_vector_59
 *(__interrupt_vector_59)
 *(__interrupt_vector_timer0_b1)

__interrupt_vector_60
 *(__interrupt_vector_60)
 *(__interrupt_vector_timer0_b0)

__interrupt_vector_61
 *(__interrupt_vector_61)
 *(__interrupt_vector_comp_b)

__interrupt_vector_62
 *(__interrupt_vector_62)
 *(__interrupt_vector_unmi)

__interrupt_vector_63
 *(__interrupt_vector_63)
 *(__interrupt_vector_sysnmi)

__reset_vector  0x0000fffe        0x2
 *(__interrupt_vector_64)
 *(__interrupt_vector_reset)
 *(.resetvec)
 .resetvec      0x0000fffe        0x2 c:/ti/msp430_gcc/bin/../lib/gcc/msp430-elf/6.2.1/../../../../msp430-elf/lib/crt0.o

.rodata         0x00004400      0xa08
                0x00004400                . = ALIGN (0x2)
 *(.plt)
                0x00004400                . = ALIGN (0x2)
 *(.lower.rodata.* .lower.rodata)
                0x00004400                . = ALIGN (0x2)
 *(.rodata .rodata.* .gnu.linkonce.r.* .const .const:*)
 .rodata        0x00004400       0x56 ./src/can.o
 .rodata        0x00004456        0x9 ./src/main.o
 .rodata.__clz_tab
                0x0000445f      0x100 c:/ti/msp430_gcc/bin/../lib/gcc/msp430-elf/6.2.1\libgcc.a(_clz.o)
                0x0000445f                __clz_tab
 .rodata        0x0000455f       0xec E:/TUGraz/ICE/RTBS/Lab/RTBS_BaseProject/RTBS_BaseProject/libs/RTOS\libBase_RTOS_lib.a(kernel.o)
 .rodata        0x0000464b      0x115 E:/TUGraz/ICE/RTBS/Lab/RTBS_BaseProject/RTBS_BaseProject/libs/RTOS\libBase_RTOS_lib.a(sysinfo.o)
 .rodata        0x00004760       0x95 E:/TUGraz/ICE/RTBS/Lab/RTBS_BaseProject/RTBS_BaseProject/libs/RTOS\libBase_RTOS_lib.a(printfx.o)
 .rodata        0x000047f5      0x568 E:/TUGraz/ICE/RTBS/Lab/RTBS_BaseProject/RTBS_BaseProject/libs\libRTBS_CAN_Tests.a(can_tests.o)
 .rodata        0x00004d5d        0x2 c:/ti/msp430_gcc/bin/../lib/gcc/msp430-elf/6.2.1/../../../../msp430-elf/lib\libc.a(lib_a-puts.o)
 *fill*         0x00004d5f        0x1 
 .rodata.__sf_fake_stderr
                0x00004d60       0x12 c:/ti/msp430_gcc/bin/../lib/gcc/msp430-elf/6.2.1/../../../../msp430-elf/lib\libc.a(lib_a-findfp.o)
                0x00004d60                __sf_fake_stderr
 .rodata.__sf_fake_stdout
                0x00004d72       0x12 c:/ti/msp430_gcc/bin/../lib/gcc/msp430-elf/6.2.1/../../../../msp430-elf/lib\libc.a(lib_a-findfp.o)
                0x00004d72                __sf_fake_stdout
 .rodata.__sf_fake_stdin
                0x00004d84       0x12 c:/ti/msp430_gcc/bin/../lib/gcc/msp430-elf/6.2.1/../../../../msp430-elf/lib\libc.a(lib_a-findfp.o)
                0x00004d84                __sf_fake_stdin
 .rodata._global_impure_ptr
                0x00004d96        0x2 c:/ti/msp430_gcc/bin/../lib/gcc/msp430-elf/6.2.1/../../../../msp430-elf/lib\libc.a(lib_a-impure.o)
                0x00004d96                _global_impure_ptr
 .rodata        0x00004d98        0x2 c:/ti/msp430_gcc/bin/../lib/gcc/msp430-elf/6.2.1/../../../../msp430-elf/lib\libc.a(lib_a-impure.o)
 .rodata        0x00004d9a       0x1a c:/ti/msp430_gcc/bin/../lib/gcc/msp430-elf/6.2.1/../../../../msp430-elf/lib\libnosys.a(sbrk.o)
 *(.rodata1)
 *(.eh_frame_hdr)
 *(.eh_frame)
 .eh_frame      0x00004db4        0x0 c:/ti/msp430_gcc/bin/../lib/gcc/msp430-elf/6.2.1/crtbegin.o
 .eh_frame      0x00004db4       0x44 c:/ti/msp430_gcc/bin/../lib/gcc/msp430-elf/6.2.1\libgcc.a(_udivdi3.o)
 .eh_frame      0x00004df8        0x4 c:/ti/msp430_gcc/bin/../lib/gcc/msp430-elf/6.2.1/crtend.o
 *(.gcc_except_table)
 *(.gcc_except_table.*)
                0x00004dfc                PROVIDE (__preinit_array_start, .)
 *(.preinit_array)
                0x00004dfc                PROVIDE (__preinit_array_end, .)
                0x00004dfc                PROVIDE (__init_array_start, .)
 *(SORT(.init_array.*))
 *(.init_array)
                0x00004dfc                PROVIDE (__init_array_end, .)
                0x00004dfc                PROVIDE (__fini_array_start, .)
 *(.fini_array)
 *(SORT(.fini_array.*))
                0x00004dfc                PROVIDE (__fini_array_end, .)
                0x00004dfc        0x4 LONG 0x0
 *crtbegin*.o(.ctors)
 .ctors         0x00004e00        0x2 c:/ti/msp430_gcc/bin/../lib/gcc/msp430-elf/6.2.1/crtbegin.o
 *(EXCLUDE_FILE(*crtend*.o) .ctors)
 *(SORT(.ctors.*))
 *(.ctors)
 .ctors         0x00004e02        0x2 c:/ti/msp430_gcc/bin/../lib/gcc/msp430-elf/6.2.1/crtend.o
 *crtbegin*.o(.dtors)
 .dtors         0x00004e04        0x2 c:/ti/msp430_gcc/bin/../lib/gcc/msp430-elf/6.2.1/crtbegin.o
 *(EXCLUDE_FILE(*crtend*.o) .dtors)
 *(SORT(.dtors.*))
 *(.dtors)
 .dtors         0x00004e06        0x2 c:/ti/msp430_gcc/bin/../lib/gcc/msp430-elf/6.2.1/crtend.o
                0x00004e06                __DTOR_END__

.upper.rodata
 *(.upper.rodata.* .upper.rodata)

.data           0x00002400      0x630 load address 0x00004e08
                0x00002400                . = ALIGN (0x2)
                0x00002400                PROVIDE (__datastart, .)
 *(.lower.data.* .lower.data)
                0x00002400                . = ALIGN (0x2)
                0x00002400                os_tasks = .
                0x00002400                __os_tasksBegin = .
 *(.os_idletask)
 .os_idletask   0x00002400       0x32 E:/TUGraz/ICE/RTBS/Lab/RTBS_BaseProject/RTBS_BaseProject/libs/RTOS\libBase_RTOS_lib.a(kernel.o)
                0x00002400                __task_TaskIdle
                0x00002432                __os_tasksOther = .
 *(.os_tasks)
 .os_tasks      0x00002432       0x32 ./src/main.o
                0x00002432                __task_testTask
                0x00002464                __os_tasksEnd = .
                0x00002464                . = ALIGN (0x2)
 *(.os_events)
                0x00002464                . = ALIGN (0x2)
                0x00002464                __os_stacksBegin = .
 *(.os_stacks)
 .os_stacks     0x00002464      0x410 ./src/main.o
 .os_stacks     0x00002874       0x88 E:/TUGraz/ICE/RTBS/Lab/RTBS_BaseProject/RTBS_BaseProject/libs/RTOS\libBase_RTOS_lib.a(kernel.o)
                0x000028fc                __os_stacksEnd = .
                0x000028fc                . = ALIGN (0x2)
                0x000028fc                os_resources = .
                0x000028fc                __os_resourcesBegin = .
 *(.os_resources)
                0x000028fc                __os_resourcesEnd = .
                0x000028fc                . = ALIGN (0x2)
 *(.either.data.* .either.data)
                0x000028fc                . = ALIGN (0x2)
 *(.jcr)
 .jcr           0x000028fc        0x0 c:/ti/msp430_gcc/bin/../lib/gcc/msp430-elf/6.2.1/crtbegin.o
 .jcr           0x000028fc        0x2 c:/ti/msp430_gcc/bin/../lib/gcc/msp430-elf/6.2.1/crtend.o
 *(.data.rel.ro.local)
 *(.data.rel.ro*)
 *(.dynamic)
                0x000028fe                . = ALIGN (0x2)
 *(.data .data.* .gnu.linkonce.d.*)
 .data          0x000028fe        0x0 c:/ti/msp430_gcc/bin/../lib/gcc/msp430-elf/6.2.1/../../../../msp430-elf/lib/crt0.o
 .data          0x000028fe        0x0 c:/ti/msp430_gcc/bin/../lib/gcc/msp430-elf/6.2.1/crtbegin.o
 .data.__dso_handle
                0x000028fe        0x2 c:/ti/msp430_gcc/bin/../lib/gcc/msp430-elf/6.2.1/crtbegin.o
                0x000028fe                __dso_handle
 .data          0x00002900        0x0 ./src/can.o
 .data          0x00002900        0x4 ./src/main.o
                0x00002900                recvEv
                0x00002902                sendEv
 .data          0x00002904        0x0 c:/ti/msp430_gcc/bin/../lib/gcc/msp430-elf/6.2.1\libgcc.a(lib2divSI.o)
 .data          0x00002904        0x0 c:/ti/msp430_gcc/bin/../lib/gcc/msp430-elf/6.2.1\libgcc.a(slli.o)
 .data          0x00002904        0x0 c:/ti/msp430_gcc/bin/../lib/gcc/msp430-elf/6.2.1\libgcc.a(srai.o)
 .data          0x00002904        0x0 c:/ti/msp430_gcc/bin/../lib/gcc/msp430-elf/6.2.1\libgcc.a(srli.o)
 .data          0x00002904        0x0 c:/ti/msp430_gcc/bin/../lib/gcc/msp430-elf/6.2.1\libgcc.a(_udivdi3.o)
 .data          0x00002904        0x0 c:/ti/msp430_gcc/bin/../lib/gcc/msp430-elf/6.2.1\libgcc.a(_lshrdi3.o)
 .data          0x00002904        0x0 c:/ti/msp430_gcc/bin/../lib/gcc/msp430-elf/6.2.1\libgcc.a(_ashldi3.o)
 .data          0x00002904        0x0 c:/ti/msp430_gcc/bin/../lib/gcc/msp430-elf/6.2.1\libgcc.a(_clzdi2.o)
 .data          0x00002904        0x0 c:/ti/msp430_gcc/bin/../lib/gcc/msp430-elf/6.2.1\libgcc.a(_clz.o)
 .data          0x00002904        0x0 E:/TUGraz/ICE/RTBS/Lab/RTBS_BaseProject/RTBS_BaseProject/libs/RTOS\libBase_RTOS_lib.a(core.o)
 .data          0x00002904        0xa E:/TUGraz/ICE/RTBS/Lab/RTBS_BaseProject/RTBS_BaseProject/libs/RTOS\libBase_RTOS_lib.a(kernel.o)
                0x00002904                os_timeoutQueueDirty
                0x00002906                os_timeoutQueue
                0x00002907                os_readyQueue
                0x00002908                os_runningTask
                0x0000290a                os_kernel_mode
                0x0000290c                os_running
 .data          0x0000290e        0x0 E:/TUGraz/ICE/RTBS/Lab/RTBS_BaseProject/RTBS_BaseProject/libs/RTOS\libBase_RTOS_lib.a(timer.o)
 .data          0x0000290e        0x0 E:/TUGraz/ICE/RTBS/Lab/RTBS_BaseProject/RTBS_BaseProject/libs/RTOS\libBase_RTOS_lib.a(sysinfo.o)
 .data          0x0000290e        0x6 E:/TUGraz/ICE/RTBS/Lab/RTBS_BaseProject/RTBS_BaseProject/libs/RTOS\libBase_RTOS_lib.a(printfx.o)
 .data          0x00002914        0x0 E:/TUGraz/ICE/RTBS/Lab/RTBS_BaseProject/RTBS_BaseProject/libs/RTOS\libBase_RTOS_lib.a(sysclk.o)
 .data          0x00002914        0x0 E:/TUGraz/ICE/RTBS/Lab/RTBS_BaseProject/RTBS_BaseProject/libs/RTOS\libBase_RTOS_lib.a(uart_tx.o)
 .data          0x00002914        0x0 E:/TUGraz/ICE/RTBS/Lab/RTBS_BaseProject/RTBS_BaseProject/libs/RTOS\libBase_RTOS_lib.a(pmm.o)
 .data          0x00002914       0x54 E:/TUGraz/ICE/RTBS/Lab/RTBS_BaseProject/RTBS_BaseProject/libs\libRTBS_CAN_Tests.a(can_tests.o)
 .data          0x00002968        0x0 c:/ti/msp430_gcc/bin/../lib/gcc/msp430-elf/6.2.1\libgcc.a(lib2divHI.o)
 .data          0x00002968        0x0 c:/ti/msp430_gcc/bin/../lib/gcc/msp430-elf/6.2.1\libmul_f5.a(lib2hw_mul_f5.o)
 .data          0x00002968        0x0 c:/ti/msp430_gcc/bin/../lib/gcc/msp430-elf/6.2.1/../../../../msp430-elf/lib\libc.a(lib_a-memcmp.o)
 .data          0x00002968        0x0 c:/ti/msp430_gcc/bin/../lib/gcc/msp430-elf/6.2.1/../../../../msp430-elf/lib\libc.a(lib_a-memcpy.o)
 .data          0x00002968        0x0 c:/ti/msp430_gcc/bin/../lib/gcc/msp430-elf/6.2.1/../../../../msp430-elf/lib\libc.a(lib_a-memset.o)
 .data          0x00002968        0x0 c:/ti/msp430_gcc/bin/../lib/gcc/msp430-elf/6.2.1/../../../../msp430-elf/lib\libc.a(lib_a-puts.o)
 .data          0x00002968        0x0 c:/ti/msp430_gcc/bin/../lib/gcc/msp430-elf/6.2.1/../../../../msp430-elf/lib\libc.a(lib_a-strlen.o)
 .data          0x00002968        0x0 c:/ti/msp430_gcc/bin/../lib/gcc/msp430-elf/6.2.1/../../../../msp430-elf/lib\libc.a(lib_a-findfp.o)
 .data          0x00002968        0x0 c:/ti/msp430_gcc/bin/../lib/gcc/msp430-elf/6.2.1/../../../../msp430-elf/lib\libc.a(lib_a-fvwrite.o)
 .data          0x00002968        0x0 c:/ti/msp430_gcc/bin/../lib/gcc/msp430-elf/6.2.1/../../../../msp430-elf/lib\libc.a(lib_a-fwalk.o)
 .data          0x00002968        0x0 c:/ti/msp430_gcc/bin/../lib/gcc/msp430-elf/6.2.1/../../../../msp430-elf/lib\libc.a(lib_a-impure.o)
 .data._impure_ptr
                0x00002968        0x2 c:/ti/msp430_gcc/bin/../lib/gcc/msp430-elf/6.2.1/../../../../msp430-elf/lib\libc.a(lib_a-impure.o)
                0x00002968                _impure_ptr
 .data.impure_data
                0x0000296a       0x78 c:/ti/msp430_gcc/bin/../lib/gcc/msp430-elf/6.2.1/../../../../msp430-elf/lib\libc.a(lib_a-impure.o)
 .data          0x000029e2        0x0 c:/ti/msp430_gcc/bin/../lib/gcc/msp430-elf/6.2.1/../../../../msp430-elf/lib\libc.a(lib_a-memchr.o)
 .data          0x000029e2        0x0 c:/ti/msp430_gcc/bin/../lib/gcc/msp430-elf/6.2.1/../../../../msp430-elf/lib\libc.a(lib_a-memmove.o)
 .data          0x000029e2        0x0 c:/ti/msp430_gcc/bin/../lib/gcc/msp430-elf/6.2.1/../../../../msp430-elf/lib\libc.a(lib_a-nano-freer.o)
 .data          0x000029e2        0x0 c:/ti/msp430_gcc/bin/../lib/gcc/msp430-elf/6.2.1/../../../../msp430-elf/lib\libc.a(lib_a-nano-mallocr.o)
 .data          0x000029e2        0x0 c:/ti/msp430_gcc/bin/../lib/gcc/msp430-elf/6.2.1/../../../../msp430-elf/lib\libc.a(lib_a-nano-reallocr.o)
 .data          0x000029e2        0x0 c:/ti/msp430_gcc/bin/../lib/gcc/msp430-elf/6.2.1/../../../../msp430-elf/lib\libc.a(lib_a-sbrkr.o)
 .data          0x000029e2        0x0 c:/ti/msp430_gcc/bin/../lib/gcc/msp430-elf/6.2.1/../../../../msp430-elf/lib\libc.a(lib_a-stdio.o)
 .data          0x000029e2        0x0 c:/ti/msp430_gcc/bin/../lib/gcc/msp430-elf/6.2.1/../../../../msp430-elf/lib\libc.a(lib_a-writer.o)
 .data          0x000029e2        0x0 c:/ti/msp430_gcc/bin/../lib/gcc/msp430-elf/6.2.1/../../../../msp430-elf/lib\libc.a(lib_a-wsetup.o)
 .data          0x000029e2        0x0 c:/ti/msp430_gcc/bin/../lib/gcc/msp430-elf/6.2.1/../../../../msp430-elf/lib\libc.a(lib_a-closer.o)
 .data          0x000029e2        0x0 c:/ti/msp430_gcc/bin/../lib/gcc/msp430-elf/6.2.1/../../../../msp430-elf/lib\libc.a(lib_a-fclose.o)
 .data          0x000029e2        0x0 c:/ti/msp430_gcc/bin/../lib/gcc/msp430-elf/6.2.1/../../../../msp430-elf/lib\libc.a(lib_a-fflush.o)
 .data          0x000029e2        0x0 c:/ti/msp430_gcc/bin/../lib/gcc/msp430-elf/6.2.1/../../../../msp430-elf/lib\libc.a(lib_a-lseekr.o)
 .data          0x000029e2        0x0 c:/ti/msp430_gcc/bin/../lib/gcc/msp430-elf/6.2.1/../../../../msp430-elf/lib\libc.a(lib_a-makebuf.o)
 .data          0x000029e2        0x0 c:/ti/msp430_gcc/bin/../lib/gcc/msp430-elf/6.2.1/../../../../msp430-elf/lib\libc.a(lib_a-nano-msizer.o)
 .data          0x000029e2        0x0 c:/ti/msp430_gcc/bin/../lib/gcc/msp430-elf/6.2.1/../../../../msp430-elf/lib\libc.a(lib_a-readr.o)
 .data          0x000029e2        0x0 c:/ti/msp430_gcc/bin/../lib/gcc/msp430-elf/6.2.1/../../../../msp430-elf/lib\libc.a(lib_a-reent.o)
 .data          0x000029e2        0x0 c:/ti/msp430_gcc/bin/../lib/gcc/msp430-elf/6.2.1/../../../../msp430-elf/lib\libc.a(lib_a-fstatr.o)
 .data          0x000029e2        0x0 c:/ti/msp430_gcc/bin/../lib/gcc/msp430-elf/6.2.1/../../../../msp430-elf/lib\libc.a(lib_a-isattyr.o)
 .data          0x000029e2        0x0 c:/ti/msp430_gcc/bin/../lib/gcc/msp430-elf/6.2.1\libgcc.a(_muldi3.o)
 .data          0x000029e2        0x0 c:/ti/msp430_gcc/bin/../lib/gcc/msp430-elf/6.2.1/../../../../msp430-elf/lib\libcrt.a(crt_bss.o)
 .data          0x000029e2        0x0 c:/ti/msp430_gcc/bin/../lib/gcc/msp430-elf/6.2.1/../../../../msp430-elf/lib\libcrt.a(crt_movedata.o)
 .data          0x000029e2        0x0 c:/ti/msp430_gcc/bin/../lib/gcc/msp430-elf/6.2.1/../../../../msp430-elf/lib\libcrt.a(crt_main.o)
 .data          0x000029e2        0x0 c:/ti/msp430_gcc/bin/../lib/gcc/msp430-elf/6.2.1/../../../../msp430-elf/lib\libcrt.a(crt_callexit.o)
 .data          0x000029e2        0x0 c:/ti/msp430_gcc/bin/../lib/gcc/msp430-elf/6.2.1/../../../../msp430-elf/lib\libnosys.a(ciosyscalls.o)
 .data          0x000029e2        0x0 c:/ti/msp430_gcc/bin/../lib/gcc/msp430-elf/6.2.1/../../../../msp430-elf/lib\libnosys.a(write.o)
 .data          0x000029e2        0x0 c:/ti/msp430_gcc/bin/../lib/gcc/msp430-elf/6.2.1/../../../../msp430-elf/lib\libnosys.a(sbrk.o)
 .data.heap.1381
                0x000029e2        0x2 c:/ti/msp430_gcc/bin/../lib/gcc/msp430-elf/6.2.1/../../../../msp430-elf/lib\libnosys.a(sbrk.o)
 .data          0x000029e4       0x4b c:/ti/msp430_gcc/bin/../lib/gcc/msp430-elf/6.2.1/../../../../msp430-elf/lib\libnosys.a(cio.o)
                0x000029e4                _CIOBUF_
                0x000029e4                __CIOBUF__
 .data          0x00002a2f        0x0 c:/ti/msp430_gcc/bin/../lib/gcc/msp430-elf/6.2.1/../../../../msp430-elf/lib\libc.a(lib_a-abort.o)
 .data          0x00002a2f        0x0 c:/ti/msp430_gcc/bin/../lib/gcc/msp430-elf/6.2.1/../../../../msp430-elf/lib\libc.a(lib_a-errno.o)
 .data          0x00002a2f        0x0 c:/ti/msp430_gcc/bin/../lib/gcc/msp430-elf/6.2.1/../../../../msp430-elf/lib\libc.a(lib_a-signal.o)
 .data          0x00002a2f        0x0 c:/ti/msp430_gcc/bin/../lib/gcc/msp430-elf/6.2.1/../../../../msp430-elf/lib\libc.a(lib_a-signalr.o)
 .data          0x00002a2f        0x0 c:/ti/msp430_gcc/bin/../lib/gcc/msp430-elf/6.2.1/crtend.o
 .data          0x00002a2f        0x0 c:/ti/msp430_gcc/bin/../lib/gcc/msp430-elf/6.2.1/../../../../msp430-elf/lib/crtn.o
 *(.gnu.linkonce.d.*personality*)
 *(.data1)
 *(.got.plt)
 *(.got)
                0x00002a30                . = ALIGN (0x2)
 *fill*         0x00002a2f        0x1 
 *(.sdata .sdata.* .gnu.linkonce.s.* D_2 D_1)
                0x00002a30                . = ALIGN (0x2)
                0x00002a30                _edata = .
                [!provide]                PROVIDE (edata, .)
                [!provide]                PROVIDE (__dataend, .)
                0x00004e08                PROVIDE (__romdatastart, LOADADDR (.data))
                0x00000630                PROVIDE (__romdatacopysize, SIZEOF (.data))

.bss            0x00002a30       0x42 load address 0x00005438
                0x00002a30                . = ALIGN (0x2)
                0x00002a30                PROVIDE (__bssstart, .)
 *(.lower.bss.* .lower.bss)
                0x00002a30                . = ALIGN (0x2)
 *(.either.bss.* .either.bss)
 *(.dynbss)
 *(.sbss .sbss.*)
 *(.bss .bss.* .gnu.linkonce.b.*)
 .bss           0x00002a30        0x0 c:/ti/msp430_gcc/bin/../lib/gcc/msp430-elf/6.2.1/../../../../msp430-elf/lib/crt0.o
 .bss           0x00002a30        0x0 c:/ti/msp430_gcc/bin/../lib/gcc/msp430-elf/6.2.1/crtbegin.o
 .bss.completed.3086
                0x00002a30        0x1 c:/ti/msp430_gcc/bin/../lib/gcc/msp430-elf/6.2.1/crtbegin.o
 *fill*         0x00002a31        0x1 
 .bss.dtor_idx.3088
                0x00002a32        0x2 c:/ti/msp430_gcc/bin/../lib/gcc/msp430-elf/6.2.1/crtbegin.o
 .bss.object.3101
                0x00002a34        0xe c:/ti/msp430_gcc/bin/../lib/gcc/msp430-elf/6.2.1/crtbegin.o
 .bss           0x00002a42        0x0 ./src/can.o
 .bss           0x00002a42        0x0 ./src/main.o
 .bss           0x00002a42        0x0 c:/ti/msp430_gcc/bin/../lib/gcc/msp430-elf/6.2.1\libgcc.a(lib2divSI.o)
 .bss           0x00002a42        0x0 c:/ti/msp430_gcc/bin/../lib/gcc/msp430-elf/6.2.1\libgcc.a(slli.o)
 .bss           0x00002a42        0x0 c:/ti/msp430_gcc/bin/../lib/gcc/msp430-elf/6.2.1\libgcc.a(srai.o)
 .bss           0x00002a42        0x0 c:/ti/msp430_gcc/bin/../lib/gcc/msp430-elf/6.2.1\libgcc.a(srli.o)
 .bss           0x00002a42        0x0 c:/ti/msp430_gcc/bin/../lib/gcc/msp430-elf/6.2.1\libgcc.a(_udivdi3.o)
 .bss           0x00002a42        0x0 c:/ti/msp430_gcc/bin/../lib/gcc/msp430-elf/6.2.1\libgcc.a(_lshrdi3.o)
 .bss           0x00002a42        0x0 c:/ti/msp430_gcc/bin/../lib/gcc/msp430-elf/6.2.1\libgcc.a(_ashldi3.o)
 .bss           0x00002a42        0x0 c:/ti/msp430_gcc/bin/../lib/gcc/msp430-elf/6.2.1\libgcc.a(_clzdi2.o)
 .bss           0x00002a42        0x0 c:/ti/msp430_gcc/bin/../lib/gcc/msp430-elf/6.2.1\libgcc.a(_clz.o)
 .bss           0x00002a42        0x0 E:/TUGraz/ICE/RTBS/Lab/RTBS_BaseProject/RTBS_BaseProject/libs/RTOS\libBase_RTOS_lib.a(core.o)
 .bss           0x00002a42        0x0 E:/TUGraz/ICE/RTBS/Lab/RTBS_BaseProject/RTBS_BaseProject/libs/RTOS\libBase_RTOS_lib.a(kernel.o)
 .bss           0x00002a42        0x0 E:/TUGraz/ICE/RTBS/Lab/RTBS_BaseProject/RTBS_BaseProject/libs/RTOS\libBase_RTOS_lib.a(timer.o)
 .bss           0x00002a42        0x0 E:/TUGraz/ICE/RTBS/Lab/RTBS_BaseProject/RTBS_BaseProject/libs/RTOS\libBase_RTOS_lib.a(sysinfo.o)
 .bss           0x00002a42        0x1 E:/TUGraz/ICE/RTBS/Lab/RTBS_BaseProject/RTBS_BaseProject/libs/RTOS\libBase_RTOS_lib.a(printfx.o)
 .bss           0x00002a43        0x0 E:/TUGraz/ICE/RTBS/Lab/RTBS_BaseProject/RTBS_BaseProject/libs/RTOS\libBase_RTOS_lib.a(sysclk.o)
 .bss           0x00002a43        0x0 E:/TUGraz/ICE/RTBS/Lab/RTBS_BaseProject/RTBS_BaseProject/libs/RTOS\libBase_RTOS_lib.a(uart_tx.o)
 .bss           0x00002a43        0x0 E:/TUGraz/ICE/RTBS/Lab/RTBS_BaseProject/RTBS_BaseProject/libs/RTOS\libBase_RTOS_lib.a(pmm.o)
 *fill*         0x00002a43        0x1 
 .bss           0x00002a44        0x8 E:/TUGraz/ICE/RTBS/Lab/RTBS_BaseProject/RTBS_BaseProject/libs\libRTBS_CAN_Tests.a(can_tests.o)
 .bss           0x00002a4c        0x0 c:/ti/msp430_gcc/bin/../lib/gcc/msp430-elf/6.2.1\libgcc.a(lib2divHI.o)
 .bss           0x00002a4c        0x0 c:/ti/msp430_gcc/bin/../lib/gcc/msp430-elf/6.2.1\libmul_f5.a(lib2hw_mul_f5.o)
 .bss           0x00002a4c        0x0 c:/ti/msp430_gcc/bin/../lib/gcc/msp430-elf/6.2.1/../../../../msp430-elf/lib\libc.a(lib_a-memcmp.o)
 .bss           0x00002a4c        0x0 c:/ti/msp430_gcc/bin/../lib/gcc/msp430-elf/6.2.1/../../../../msp430-elf/lib\libc.a(lib_a-memcpy.o)
 .bss           0x00002a4c        0x0 c:/ti/msp430_gcc/bin/../lib/gcc/msp430-elf/6.2.1/../../../../msp430-elf/lib\libc.a(lib_a-memset.o)
 .bss           0x00002a4c        0x0 c:/ti/msp430_gcc/bin/../lib/gcc/msp430-elf/6.2.1/../../../../msp430-elf/lib\libc.a(lib_a-puts.o)
 .bss           0x00002a4c        0x0 c:/ti/msp430_gcc/bin/../lib/gcc/msp430-elf/6.2.1/../../../../msp430-elf/lib\libc.a(lib_a-strlen.o)
 .bss           0x00002a4c        0x0 c:/ti/msp430_gcc/bin/../lib/gcc/msp430-elf/6.2.1/../../../../msp430-elf/lib\libc.a(lib_a-findfp.o)
 .bss           0x00002a4c        0x0 c:/ti/msp430_gcc/bin/../lib/gcc/msp430-elf/6.2.1/../../../../msp430-elf/lib\libc.a(lib_a-fvwrite.o)
 .bss           0x00002a4c        0x0 c:/ti/msp430_gcc/bin/../lib/gcc/msp430-elf/6.2.1/../../../../msp430-elf/lib\libc.a(lib_a-fwalk.o)
 .bss           0x00002a4c        0x0 c:/ti/msp430_gcc/bin/../lib/gcc/msp430-elf/6.2.1/../../../../msp430-elf/lib\libc.a(lib_a-impure.o)
 .bss           0x00002a4c        0x0 c:/ti/msp430_gcc/bin/../lib/gcc/msp430-elf/6.2.1/../../../../msp430-elf/lib\libc.a(lib_a-memchr.o)
 .bss           0x00002a4c        0x0 c:/ti/msp430_gcc/bin/../lib/gcc/msp430-elf/6.2.1/../../../../msp430-elf/lib\libc.a(lib_a-memmove.o)
 .bss           0x00002a4c        0x0 c:/ti/msp430_gcc/bin/../lib/gcc/msp430-elf/6.2.1/../../../../msp430-elf/lib\libc.a(lib_a-nano-freer.o)
 .bss           0x00002a4c        0x0 c:/ti/msp430_gcc/bin/../lib/gcc/msp430-elf/6.2.1/../../../../msp430-elf/lib\libc.a(lib_a-nano-mallocr.o)
 .bss.__malloc_sbrk_start
                0x00002a4c        0x2 c:/ti/msp430_gcc/bin/../lib/gcc/msp430-elf/6.2.1/../../../../msp430-elf/lib\libc.a(lib_a-nano-mallocr.o)
                0x00002a4c                __malloc_sbrk_start
 .bss.__malloc_free_list
                0x00002a4e        0x2 c:/ti/msp430_gcc/bin/../lib/gcc/msp430-elf/6.2.1/../../../../msp430-elf/lib\libc.a(lib_a-nano-mallocr.o)
                0x00002a4e                __malloc_free_list
 .bss           0x00002a50        0x0 c:/ti/msp430_gcc/bin/../lib/gcc/msp430-elf/6.2.1/../../../../msp430-elf/lib\libc.a(lib_a-nano-reallocr.o)
 .bss           0x00002a50        0x0 c:/ti/msp430_gcc/bin/../lib/gcc/msp430-elf/6.2.1/../../../../msp430-elf/lib\libc.a(lib_a-sbrkr.o)
 .bss           0x00002a50        0x0 c:/ti/msp430_gcc/bin/../lib/gcc/msp430-elf/6.2.1/../../../../msp430-elf/lib\libc.a(lib_a-stdio.o)
 .bss           0x00002a50        0x0 c:/ti/msp430_gcc/bin/../lib/gcc/msp430-elf/6.2.1/../../../../msp430-elf/lib\libc.a(lib_a-writer.o)
 .bss           0x00002a50        0x0 c:/ti/msp430_gcc/bin/../lib/gcc/msp430-elf/6.2.1/../../../../msp430-elf/lib\libc.a(lib_a-wsetup.o)
 .bss           0x00002a50        0x0 c:/ti/msp430_gcc/bin/../lib/gcc/msp430-elf/6.2.1/../../../../msp430-elf/lib\libc.a(lib_a-closer.o)
 .bss           0x00002a50        0x0 c:/ti/msp430_gcc/bin/../lib/gcc/msp430-elf/6.2.1/../../../../msp430-elf/lib\libc.a(lib_a-fclose.o)
 .bss           0x00002a50        0x0 c:/ti/msp430_gcc/bin/../lib/gcc/msp430-elf/6.2.1/../../../../msp430-elf/lib\libc.a(lib_a-fflush.o)
 .bss           0x00002a50        0x0 c:/ti/msp430_gcc/bin/../lib/gcc/msp430-elf/6.2.1/../../../../msp430-elf/lib\libc.a(lib_a-lseekr.o)
 .bss           0x00002a50        0x0 c:/ti/msp430_gcc/bin/../lib/gcc/msp430-elf/6.2.1/../../../../msp430-elf/lib\libc.a(lib_a-makebuf.o)
 .bss           0x00002a50        0x0 c:/ti/msp430_gcc/bin/../lib/gcc/msp430-elf/6.2.1/../../../../msp430-elf/lib\libc.a(lib_a-nano-msizer.o)
 .bss           0x00002a50        0x0 c:/ti/msp430_gcc/bin/../lib/gcc/msp430-elf/6.2.1/../../../../msp430-elf/lib\libc.a(lib_a-readr.o)
 .bss           0x00002a50        0x0 c:/ti/msp430_gcc/bin/../lib/gcc/msp430-elf/6.2.1/../../../../msp430-elf/lib\libc.a(lib_a-reent.o)
 .bss           0x00002a50        0x0 c:/ti/msp430_gcc/bin/../lib/gcc/msp430-elf/6.2.1/../../../../msp430-elf/lib\libc.a(lib_a-fstatr.o)
 .bss           0x00002a50        0x0 c:/ti/msp430_gcc/bin/../lib/gcc/msp430-elf/6.2.1/../../../../msp430-elf/lib\libc.a(lib_a-isattyr.o)
 .bss           0x00002a50        0x0 c:/ti/msp430_gcc/bin/../lib/gcc/msp430-elf/6.2.1\libgcc.a(_muldi3.o)
 .bss           0x00002a50        0x0 c:/ti/msp430_gcc/bin/../lib/gcc/msp430-elf/6.2.1/../../../../msp430-elf/lib\libcrt.a(crt_bss.o)
 .bss           0x00002a50        0x0 c:/ti/msp430_gcc/bin/../lib/gcc/msp430-elf/6.2.1/../../../../msp430-elf/lib\libcrt.a(crt_movedata.o)
 .bss           0x00002a50        0x0 c:/ti/msp430_gcc/bin/../lib/gcc/msp430-elf/6.2.1/../../../../msp430-elf/lib\libcrt.a(crt_main.o)
 .bss           0x00002a50        0x0 c:/ti/msp430_gcc/bin/../lib/gcc/msp430-elf/6.2.1/../../../../msp430-elf/lib\libcrt.a(crt_callexit.o)
 .bss           0x00002a50        0x0 c:/ti/msp430_gcc/bin/../lib/gcc/msp430-elf/6.2.1/../../../../msp430-elf/lib\libnosys.a(ciosyscalls.o)
 .bss           0x00002a50        0x0 c:/ti/msp430_gcc/bin/../lib/gcc/msp430-elf/6.2.1/../../../../msp430-elf/lib\libnosys.a(write.o)
 .bss           0x00002a50        0x0 c:/ti/msp430_gcc/bin/../lib/gcc/msp430-elf/6.2.1/../../../../msp430-elf/lib\libnosys.a(sbrk.o)
 .bss           0x00002a50        0x0 c:/ti/msp430_gcc/bin/../lib/gcc/msp430-elf/6.2.1/../../../../msp430-elf/lib\libnosys.a(cio.o)
 .bss           0x00002a50        0x0 c:/ti/msp430_gcc/bin/../lib/gcc/msp430-elf/6.2.1/../../../../msp430-elf/lib\libc.a(lib_a-abort.o)
 .bss           0x00002a50        0x0 c:/ti/msp430_gcc/bin/../lib/gcc/msp430-elf/6.2.1/../../../../msp430-elf/lib\libc.a(lib_a-errno.o)
 .bss           0x00002a50        0x0 c:/ti/msp430_gcc/bin/../lib/gcc/msp430-elf/6.2.1/../../../../msp430-elf/lib\libc.a(lib_a-signal.o)
 .bss           0x00002a50        0x0 c:/ti/msp430_gcc/bin/../lib/gcc/msp430-elf/6.2.1/../../../../msp430-elf/lib\libc.a(lib_a-signalr.o)
 .bss           0x00002a50        0x0 c:/ti/msp430_gcc/bin/../lib/gcc/msp430-elf/6.2.1/crtend.o
 .bss           0x00002a50        0x0 c:/ti/msp430_gcc/bin/../lib/gcc/msp430-elf/6.2.1/../../../../msp430-elf/lib/crtn.o
                0x00002a50                . = ALIGN (0x2)
 *(COMMON)
 COMMON         0x00002a50        0xa ./src/can.o
                0x00002a50                CRC_Delimiter
                0x00002a52                CANConfig
 COMMON         0x00002a5a        0x8 ./src/main.o
                0x00002a5a                time
 COMMON         0x00002a62        0x5 E:/TUGraz/ICE/RTBS/Lab/RTBS_BaseProject/RTBS_BaseProject/libs/RTOS\libBase_RTOS_lib.a(kernel.o)
                0x00002a62                os_sca
                0x00002a64                os_sp
 *fill*         0x00002a67        0x1 
 COMMON         0x00002a68        0x8 E:/TUGraz/ICE/RTBS/Lab/RTBS_BaseProject/RTBS_BaseProject/libs/RTOS\libBase_RTOS_lib.a(timer.o)
                0x00002a68                os_timeline
 COMMON         0x00002a70        0x2 c:/ti/msp430_gcc/bin/../lib/gcc/msp430-elf/6.2.1/../../../../msp430-elf/lib\libc.a(lib_a-reent.o)
                0x00002a70                errno
                [!provide]                PROVIDE (__bssend, .)
                0x00000042                PROVIDE (__bsssize, SIZEOF (.bss))

.noinit         0x00002a72        0x0 load address 0x00005438
                0x00002a72                . = ALIGN (0x2)
                [!provide]                PROVIDE (__noinit_start, .)
 *(.noinit)
                0x00002a72                . = ALIGN (0x2)
                [!provide]                PROVIDE (__noinit_end, .)
                0x00002a72                _end = .
                0x00002a72                PROVIDE (end, .)

.stack          0x00004400        0x0
                0x00004400                PROVIDE (__stack, .)
 *(.stack)

.lowtext        0x00005438       0x6a
                0x00005438                PROVIDE (_start, .)
                0x00005438                . = ALIGN (0x2)
 *(SORT(.crt_*))
 .crt_0000start
                0x00005438        0x4 c:/ti/msp430_gcc/bin/../lib/gcc/msp430-elf/6.2.1/../../../../msp430-elf/lib/crt0.o
                0x00005438                __crt0_start
 .crt_0100init_bss
                0x0000543c        0xe c:/ti/msp430_gcc/bin/../lib/gcc/msp430-elf/6.2.1/../../../../msp430-elf/lib\libcrt.a(crt_bss.o)
                0x0000543c                __crt0_init_bss
 .crt_0300movedata
                0x0000544a       0x14 c:/ti/msp430_gcc/bin/../lib/gcc/msp430-elf/6.2.1/../../../../msp430-elf/lib\libcrt.a(crt_movedata.o)
                0x0000544a                __crt0_movedata
 .crt_0700call_init_then_main
                0x0000545e        0xa c:/ti/msp430_gcc/bin/../lib/gcc/msp430-elf/6.2.1/../../../../msp430-elf/lib\libcrt.a(crt_main.o)
                0x0000545e                __crt0_call_init_then_main
 .crt_0800call_exit
                0x00005468        0x4 c:/ti/msp430_gcc/bin/../lib/gcc/msp430-elf/6.2.1/../../../../msp430-elf/lib\libcrt.a(crt_callexit.o)
                0x00005468                __crt0_call_exit
 .crt_0900main_init
                0x0000546c       0x36 c:/ti/msp430_gcc/bin/../lib/gcc/msp430-elf/6.2.1/../../../../msp430-elf/lib/crt0.o
                0x0000546c                _msp430_run_init_array
                0x00005478                _msp430_run_preinit_array
                0x00005484                _msp430_run_fini_array
 *(.lowtext)

.text           0x000054a2     0x5feb
                0x000054a2                . = ALIGN (0x2)
 *(.lower.text.* .lower.text)
                0x000054a2                . = ALIGN (0x2)
 *(.text .stub .text.* .gnu.linkonce.t.* .text:*)
 .text          0x000054a2        0x0 c:/ti/msp430_gcc/bin/../lib/gcc/msp430-elf/6.2.1/../../../../msp430-elf/lib/crt0.o
 .text          0x000054a2        0x4 c:/ti/msp430_gcc/bin/../lib/gcc/msp430-elf/6.2.1/crtbegin.o
 .text.deregister_tm_clones
                0x000054a6       0x1e c:/ti/msp430_gcc/bin/../lib/gcc/msp430-elf/6.2.1/crtbegin.o
 .text.register_tm_clones
                0x000054c4       0x2c c:/ti/msp430_gcc/bin/../lib/gcc/msp430-elf/6.2.1/crtbegin.o
 .text.__do_global_dtors_aux
                0x000054f0       0x4a c:/ti/msp430_gcc/bin/../lib/gcc/msp430-elf/6.2.1/crtbegin.o
 .text.call___do_global_dtors_aux
                0x0000553a        0x0 c:/ti/msp430_gcc/bin/../lib/gcc/msp430-elf/6.2.1/crtbegin.o
 .text.frame_dummy
                0x0000553a       0x2c c:/ti/msp430_gcc/bin/../lib/gcc/msp430-elf/6.2.1/crtbegin.o
 .text.call_frame_dummy
                0x00005566        0x0 c:/ti/msp430_gcc/bin/../lib/gcc/msp430-elf/6.2.1/crtbegin.o
 .text          0x00005566     0x1692 ./src/can.o
                0x00005566                setBit
                0x00005580                clearBit
                0x0000559e                testBit
                0x000055c4                writeBuffer
                0x00005660                readBuffer
                0x000056c4                CAN_shiftReg
                0x00005718                CAN_createCRC
                0x00005816                CAN_init
                0x0000585a                CAN_setBaudrate
                0x00005884                CAN_sendBit
                0x0000588a                CAN_recvBit
                0x00005890                CAN_createFrame
                0x0000605e                CAN_sendFrame
                0x000063f2                CAN_trySendFrame
                0x00006432                CAN_receiveFrame
                0x000066be                CAN_decodeFrame
 .text          0x00006bf8       0x86 ./src/main.o
                0x00006bf8                testTask
                0x00006c02                port1_isr
                0x00006c1c                port2_isr
                0x00006c36                hwirq_48
                0x00006c3a                hwirq_43
                0x00006c3e                main
 .text          0x00006c7e        0x2 c:/ti/msp430_gcc/bin/../lib/gcc/msp430-elf/6.2.1\libgcc.a(lib2divSI.o)
                0x00006c7e                __mspabi_divllu
 .text.udivmodsi4
                0x00006c80       0x80 c:/ti/msp430_gcc/bin/../lib/gcc/msp430-elf/6.2.1\libgcc.a(lib2divSI.o)
                0x00006c80                udivmodsi4
 .text.__divsi3
                0x00006d00       0x74 c:/ti/msp430_gcc/bin/../lib/gcc/msp430-elf/6.2.1\libgcc.a(lib2divSI.o)
                0x00006d00                __mspabi_divli
 .text.__modsi3
                0x00006d74       0x56 c:/ti/msp430_gcc/bin/../lib/gcc/msp430-elf/6.2.1\libgcc.a(lib2divSI.o)
                0x00006d74                __mspabi_remli
 .text.__udivsi3
                0x00006dca        0xe c:/ti/msp430_gcc/bin/../lib/gcc/msp430-elf/6.2.1\libgcc.a(lib2divSI.o)
                0x00006dca                __mspabi_divlu
                0x00006dca                __mspabi_divul
 .text.__umodsi3
                0x00006dd8        0xe c:/ti/msp430_gcc/bin/../lib/gcc/msp430-elf/6.2.1\libgcc.a(lib2divSI.o)
                0x00006dd8                __mspabi_remul
 .text          0x00006de6       0x74 c:/ti/msp430_gcc/bin/../lib/gcc/msp430-elf/6.2.1\libgcc.a(slli.o)
                0x00006de6                __mspabi_slli_15
                0x00006de8                __mspabi_slli_14
                0x00006dea                __mspabi_slli_13
                0x00006dec                __mspabi_slli_12
                0x00006dee                __mspabi_slli_11
                0x00006df0                __mspabi_slli_10
                0x00006df2                __mspabi_slli_9
                0x00006df4                __mspabi_slli_8
                0x00006df6                __mspabi_slli_7
                0x00006df8                __mspabi_slli_6
                0x00006dfa                __mspabi_slli_5
                0x00006dfc                __mspabi_slli_4
                0x00006dfe                __mspabi_slli_3
                0x00006e00                __mspabi_slli_2
                0x00006e02                __mspabi_slli_1
                0x00006e0a                __mspabi_slli
                0x00006e10                __mspabi_slll_15
                0x00006e14                __mspabi_slll_14
                0x00006e18                __mspabi_slll_13
                0x00006e1c                __mspabi_slll_12
                0x00006e20                __mspabi_slll_11
                0x00006e24                __mspabi_slll_10
                0x00006e28                __mspabi_slll_9
                0x00006e2c                __mspabi_slll_8
                0x00006e30                __mspabi_slll_7
                0x00006e34                __mspabi_slll_6
                0x00006e38                __mspabi_slll_5
                0x00006e3c                __mspabi_slll_4
                0x00006e40                __mspabi_slll_3
                0x00006e44                __mspabi_slll_2
                0x00006e48                __mspabi_slll_1
                0x00006e54                __mspabi_slll
 .text          0x00006e5a       0x74 c:/ti/msp430_gcc/bin/../lib/gcc/msp430-elf/6.2.1\libgcc.a(srai.o)
                0x00006e5a                __mspabi_srai_15
                0x00006e5c                __mspabi_srai_14
                0x00006e5e                __mspabi_srai_13
                0x00006e60                __mspabi_srai_12
                0x00006e62                __mspabi_srai_11
                0x00006e64                __mspabi_srai_10
                0x00006e66                __mspabi_srai_9
                0x00006e68                __mspabi_srai_8
                0x00006e6a                __mspabi_srai_7
                0x00006e6c                __mspabi_srai_6
                0x00006e6e                __mspabi_srai_5
                0x00006e70                __mspabi_srai_4
                0x00006e72                __mspabi_srai_3
                0x00006e74                __mspabi_srai_2
                0x00006e76                __mspabi_srai_1
                0x00006e7e                __mspabi_srai
                0x00006e84                __mspabi_sral_15
                0x00006e88                __mspabi_sral_14
                0x00006e8c                __mspabi_sral_13
                0x00006e90                __mspabi_sral_12
                0x00006e94                __mspabi_sral_11
                0x00006e98                __mspabi_sral_10
                0x00006e9c                __mspabi_sral_9
                0x00006ea0                __mspabi_sral_8
                0x00006ea4                __mspabi_sral_7
                0x00006ea8                __mspabi_sral_6
                0x00006eac                __mspabi_sral_5
                0x00006eb0                __mspabi_sral_4
                0x00006eb4                __mspabi_sral_3
                0x00006eb8                __mspabi_sral_2
                0x00006ebc                __mspabi_sral_1
                0x00006ec8                __mspabi_sral
 .text          0x00006ece       0xb4 c:/ti/msp430_gcc/bin/../lib/gcc/msp430-elf/6.2.1\libgcc.a(srli.o)
                0x00006ece                __mspabi_srli_15
                0x00006ed2                __mspabi_srli_14
                0x00006ed6                __mspabi_srli_13
                0x00006eda                __mspabi_srli_12
                0x00006ede                __mspabi_srli_11
                0x00006ee2                __mspabi_srli_10
                0x00006ee6                __mspabi_srli_9
                0x00006eea                __mspabi_srli_8
                0x00006eee                __mspabi_srli_7
                0x00006ef2                __mspabi_srli_6
                0x00006ef6                __mspabi_srli_5
                0x00006efa                __mspabi_srli_4
                0x00006efe                __mspabi_srli_3
                0x00006f02                __mspabi_srli_2
                0x00006f06                __mspabi_srli_1
                0x00006f12                __mspabi_srli
                0x00006f18                __mspabi_srll_15
                0x00006f1e                __mspabi_srll_14
                0x00006f24                __mspabi_srll_13
                0x00006f2a                __mspabi_srll_12
                0x00006f30                __mspabi_srll_11
                0x00006f36                __mspabi_srll_10
                0x00006f3c                __mspabi_srll_9
                0x00006f42                __mspabi_srll_8
                0x00006f48                __mspabi_srll_7
                0x00006f4e                __mspabi_srll_6
                0x00006f54                __mspabi_srll_5
                0x00006f5a                __mspabi_srll_4
                0x00006f60                __mspabi_srll_3
                0x00006f66                __mspabi_srll_2
                0x00006f6c                __mspabi_srll_1
                0x00006f7c                __mspabi_srll
 .text          0x00006f82        0x0 c:/ti/msp430_gcc/bin/../lib/gcc/msp430-elf/6.2.1\libgcc.a(_udivdi3.o)
 .text.__udivdi3
                0x00006f82      0x3d6 c:/ti/msp430_gcc/bin/../lib/gcc/msp430-elf/6.2.1\libgcc.a(_udivdi3.o)
                0x00006f82                __mspabi_divull
 .text          0x00007358        0x0 c:/ti/msp430_gcc/bin/../lib/gcc/msp430-elf/6.2.1\libgcc.a(_lshrdi3.o)
 .text.__lshrdi3
                0x00007358       0x84 c:/ti/msp430_gcc/bin/../lib/gcc/msp430-elf/6.2.1\libgcc.a(_lshrdi3.o)
                0x00007358                __lshrdi3
 .text          0x000073dc        0x0 c:/ti/msp430_gcc/bin/../lib/gcc/msp430-elf/6.2.1\libgcc.a(_ashldi3.o)
 .text.__ashldi3
                0x000073dc       0x8c c:/ti/msp430_gcc/bin/../lib/gcc/msp430-elf/6.2.1\libgcc.a(_ashldi3.o)
                0x000073dc                __ashldi3
 .text          0x00007468        0x0 c:/ti/msp430_gcc/bin/../lib/gcc/msp430-elf/6.2.1\libgcc.a(_clzdi2.o)
 .text.__clzdi2
                0x00007468       0x56 c:/ti/msp430_gcc/bin/../lib/gcc/msp430-elf/6.2.1\libgcc.a(_clzdi2.o)
                0x00007468                __clzdi2
 .text          0x000074be        0x0 c:/ti/msp430_gcc/bin/../lib/gcc/msp430-elf/6.2.1\libgcc.a(_clz.o)
 .text          0x000074be      0x108 E:/TUGraz/ICE/RTBS/Lab/RTBS_BaseProject/RTBS_BaseProject/libs/RTOS\libBase_RTOS_lib.a(core.o)
                0x000074be                syscall_setEvent
                0x000074d2                syscall_mystery
                0x000074e6                syscall_CAS
                0x000074fa                syscall_waitEventUntil
                0x0000750e                syscall_getResource
                0x00007522                syscall_releaseResource
                0x00007536                __hwirq_53
                0x00007548                __hwirq_43
                0x0000755a                __hwirq_48
                0x000075a6                os_dispatcher
 .text          0x000075c6      0x8b8 E:/TUGraz/ICE/RTBS/Lab/RTBS_BaseProject/RTBS_BaseProject/libs/RTOS\libBase_RTOS_lib.a(kernel.o)
                0x000075c6                TaskIdle
                0x000075c8                registerResources
                0x000075ca                OSPanic
                0x000075e6                insert_into_memberlist
                0x000076ca                os_initTasks
                0x00007764                os_run
                0x000077ae                remove_from_memberlist
                0x00007858                insert_into_timeout_queue
                0x00007952                remove_from_timeout_queue
                0x000079e4                waitEventUntil
                0x000079ea                waitEventFor
                0x00007a56                waitEvent
                0x00007a5e                setEvent
                0x00007a64                clearEvent
                0x00007a6a                checkEvent
                0x00007a78                sleep
                0x00007ae2                sleepUntil
                0x00007aec                busyDelayUntil
                0x00007b36                busyDelay
                0x00007b9e                getResource
                0x00007ba4                releaseResource
                0x00007baa                __syscall_mystery
                0x00007be2                __syscall_CAS
                0x00007bfc                __syscall_waitEventUntil
                0x00007d0e                __syscall_setEvent
                0x00007d4c                __syscall_getResource
                0x00007dc6                __syscall_releaseResource
 .text          0x00007e7e      0x34a E:/TUGraz/ICE/RTBS/Lab/RTBS_BaseProject/RTBS_BaseProject/libs/RTOS\libBase_RTOS_lib.a(timer.o)
                0x00007e7e                os_initSystemTimer
                0x00007f38                getCurrentTime
                0x00007f82                schedule
                0x000080e4                updateTimer
                0x000081be                os_timerISR
                0x000081c4                hwirq_53
 .text          0x000081c8      0x176 E:/TUGraz/ICE/RTBS/Lab/RTBS_BaseProject/RTBS_BaseProject/libs/RTOS\libBase_RTOS_lib.a(sysinfo.o)
                0x000081c8                os_printReadyQueue
                0x0000821e                os_printSystemInformation
 .text          0x0000833e      0x730 E:/TUGraz/ICE/RTBS/Lab/RTBS_BaseProject/RTBS_BaseProject/libs/RTOS\libBase_RTOS_lib.a(printfx.o)
                0x00008362                printfSetStreamwriter
                0x00008374                printfSetGroupseparator
                0x0000837a                printfSetVerbosity
                0x00008380                printfGetVerbosity
                0x00008386                printfzString
                0x000083ce                printf
                0x00008a60                printfx
 .text          0x00008a6e      0x178 E:/TUGraz/ICE/RTBS/Lab/RTBS_BaseProject/RTBS_BaseProject/libs/RTOS\libBase_RTOS_lib.a(sysclk.o)
                0x00008a6e                sysclk_setClocks
                0x00008bdc                sysclk_getSMCLK
 .text          0x00008be6       0xc8 E:/TUGraz/ICE/RTBS/Lab/RTBS_BaseProject/RTBS_BaseProject/libs/RTOS\libBase_RTOS_lib.a(uart_tx.o)
                0x00008be6                putchar
                0x00008bfa                UART_write
                0x00008c1c                UART_clearScreen
                0x00008c24                UART_setConfig
 .text          0x00008cae      0x17a E:/TUGraz/ICE/RTBS/Lab/RTBS_BaseProject/RTBS_BaseProject/libs/RTOS\libBase_RTOS_lib.a(pmm.o)
                0x00008cae                PMM_setVCore
 .text          0x00008e28     0x1038 E:/TUGraz/ICE/RTBS/Lab/RTBS_BaseProject/RTBS_BaseProject/libs\libRTBS_CAN_Tests.a(can_tests.o)
                0x00008e9e                TEST_sendBit
                0x00008ef8                TEST_recvBit
                0x00008f34                CAN_runTests
 .text          0x00009e60        0x0 c:/ti/msp430_gcc/bin/../lib/gcc/msp430-elf/6.2.1\libgcc.a(lib2divHI.o)
 .text.udivmodhi4
                0x00009e60       0x3c c:/ti/msp430_gcc/bin/../lib/gcc/msp430-elf/6.2.1\libgcc.a(lib2divHI.o)
                0x00009e60                udivmodhi4
 .text.__divhi3
                0x00009e9c       0x46 c:/ti/msp430_gcc/bin/../lib/gcc/msp430-elf/6.2.1\libgcc.a(lib2divHI.o)
                0x00009e9c                __mspabi_divi
 .text.__modhi3
                0x00009ee2       0x30 c:/ti/msp430_gcc/bin/../lib/gcc/msp430-elf/6.2.1\libgcc.a(lib2divHI.o)
                0x00009ee2                __mspabi_remi
 .text.__udivhi3
                0x00009f12        0x8 c:/ti/msp430_gcc/bin/../lib/gcc/msp430-elf/6.2.1\libgcc.a(lib2divHI.o)
                0x00009f12                __mspabi_divu
 .text.__umodhi3
                0x00009f1a        0x8 c:/ti/msp430_gcc/bin/../lib/gcc/msp430-elf/6.2.1\libgcc.a(lib2divHI.o)
                0x00009f1a                __mspabi_remu
 .text          0x00009f22        0x0 c:/ti/msp430_gcc/bin/../lib/gcc/msp430-elf/6.2.1\libmul_f5.a(lib2hw_mul_f5.o)
 .text.__mulhi2_f5
                0x00009f22       0x14 c:/ti/msp430_gcc/bin/../lib/gcc/msp430-elf/6.2.1\libmul_f5.a(lib2hw_mul_f5.o)
                0x00009f22                __mspabi_mpyi_f5hw
                0x00009f22                __mspabi_mpyi
                0x00009f22                __mulhi2_f5
 .text.__mulsihi2
                0x00009f36       0x18 c:/ti/msp430_gcc/bin/../lib/gcc/msp430-elf/6.2.1\libmul_f5.a(lib2hw_mul_f5.o)
                0x00009f36                __mspabi_mpysl
                0x00009f36                __mspabi_mpysl_f5hw
                0x00009f36                __mulsihi2
 .text.__umulsihi2
                0x00009f4e       0x18 c:/ti/msp430_gcc/bin/../lib/gcc/msp430-elf/6.2.1\libmul_f5.a(lib2hw_mul_f5.o)
                0x00009f4e                __mspabi_mpyul
                0x00009f4e                __umulsihi2
                0x00009f4e                _mspabi_mpyul_f5hw
 .text.__mulsi2_f5
                0x00009f66       0x20 c:/ti/msp430_gcc/bin/../lib/gcc/msp430-elf/6.2.1\libmul_f5.a(lib2hw_mul_f5.o)
                0x00009f66                __mspabi_mpyl_f5hw
                0x00009f66                __mulsi2_f5
                0x00009f66                __mspabi_mpyl
 .text.__muldisi2
                0x00009f86       0x28 c:/ti/msp430_gcc/bin/../lib/gcc/msp430-elf/6.2.1\libmul_f5.a(lib2hw_mul_f5.o)
                0x00009f86                __muldisi2
                0x00009f86                __mspabi_mpysll
                0x00009f86                __mspabi_mpysll_f5hw
 .text.__umuldisi2
                0x00009fae       0x28 c:/ti/msp430_gcc/bin/../lib/gcc/msp430-elf/6.2.1\libmul_f5.a(lib2hw_mul_f5.o)
                0x00009fae                __umuldisi2
                0x00009fae                __mspabi_mpyull
                0x00009fae                __mspabi_mpyull_f5hw
 .text.__muldi3
                0x00009fd6        0x4 c:/ti/msp430_gcc/bin/../lib/gcc/msp430-elf/6.2.1\libmul_f5.a(lib2hw_mul_f5.o)
                0x00009fd6                __muldi3
                0x00009fd6                __mspabi_mpyll_f5hw
 .text          0x00009fda        0x0 c:/ti/msp430_gcc/bin/../lib/gcc/msp430-elf/6.2.1/../../../../msp430-elf/lib\libc.a(lib_a-memcmp.o)
 .text.memcmp   0x00009fda       0x1e c:/ti/msp430_gcc/bin/../lib/gcc/msp430-elf/6.2.1/../../../../msp430-elf/lib\libc.a(lib_a-memcmp.o)
                0x00009fda                memcmp
 .text          0x00009ff8        0x0 c:/ti/msp430_gcc/bin/../lib/gcc/msp430-elf/6.2.1/../../../../msp430-elf/lib\libc.a(lib_a-memcpy.o)
 .text.memcpy   0x00009ff8       0x14 c:/ti/msp430_gcc/bin/../lib/gcc/msp430-elf/6.2.1/../../../../msp430-elf/lib\libc.a(lib_a-memcpy.o)
                0x00009ff8                memcpy
 .text          0x0000a00c        0x0 c:/ti/msp430_gcc/bin/../lib/gcc/msp430-elf/6.2.1/../../../../msp430-elf/lib\libc.a(lib_a-memset.o)
 .text.memset   0x0000a00c       0x12 c:/ti/msp430_gcc/bin/../lib/gcc/msp430-elf/6.2.1/../../../../msp430-elf/lib\libc.a(lib_a-memset.o)
                0x0000a00c                memset
 .text          0x0000a01e        0x0 c:/ti/msp430_gcc/bin/../lib/gcc/msp430-elf/6.2.1/../../../../msp430-elf/lib\libc.a(lib_a-puts.o)
 .text._puts_r  0x0000a01e       0xb4 c:/ti/msp430_gcc/bin/../lib/gcc/msp430-elf/6.2.1/../../../../msp430-elf/lib\libc.a(lib_a-puts.o)
                0x0000a01e                _puts_r
 .text.puts     0x0000a0d2        0xc c:/ti/msp430_gcc/bin/../lib/gcc/msp430-elf/6.2.1/../../../../msp430-elf/lib\libc.a(lib_a-puts.o)
                0x0000a0d2                puts
 .text          0x0000a0de        0x0 c:/ti/msp430_gcc/bin/../lib/gcc/msp430-elf/6.2.1/../../../../msp430-elf/lib\libc.a(lib_a-strlen.o)
 .text.strlen   0x0000a0de       0x12 c:/ti/msp430_gcc/bin/../lib/gcc/msp430-elf/6.2.1/../../../../msp430-elf/lib\libc.a(lib_a-strlen.o)
                0x0000a0de                strlen
 .text          0x0000a0f0        0x0 c:/ti/msp430_gcc/bin/../lib/gcc/msp430-elf/6.2.1/../../../../msp430-elf/lib\libc.a(lib_a-findfp.o)
 .text.__fp_unlock
                0x0000a0f0        0x4 c:/ti/msp430_gcc/bin/../lib/gcc/msp430-elf/6.2.1/../../../../msp430-elf/lib\libc.a(lib_a-findfp.o)
 .text._cleanup_r
                0x0000a0f4        0xa c:/ti/msp430_gcc/bin/../lib/gcc/msp430-elf/6.2.1/../../../../msp430-elf/lib\libc.a(lib_a-findfp.o)
                0x0000a0f4                _cleanup_r
 .text.std.isra.0
                0x0000a0fe       0x56 c:/ti/msp430_gcc/bin/../lib/gcc/msp430-elf/6.2.1/../../../../msp430-elf/lib\libc.a(lib_a-findfp.o)
 .text.__fp_lock
                0x0000a154        0x4 c:/ti/msp430_gcc/bin/../lib/gcc/msp430-elf/6.2.1/../../../../msp430-elf/lib\libc.a(lib_a-findfp.o)
 .text.__sfmoreglue
                0x0000a158       0x44 c:/ti/msp430_gcc/bin/../lib/gcc/msp430-elf/6.2.1/../../../../msp430-elf/lib\libc.a(lib_a-findfp.o)
                0x0000a158                __sfmoreglue
 .text._cleanup
                0x0000a19c        0xa c:/ti/msp430_gcc/bin/../lib/gcc/msp430-elf/6.2.1/../../../../msp430-elf/lib\libc.a(lib_a-findfp.o)
                0x0000a19c                _cleanup
 .text.__sinit  0x0000a1a6       0x70 c:/ti/msp430_gcc/bin/../lib/gcc/msp430-elf/6.2.1/../../../../msp430-elf/lib\libc.a(lib_a-findfp.o)
                0x0000a1a6                __sinit
 .text.__sfp    0x0000a216       0xac c:/ti/msp430_gcc/bin/../lib/gcc/msp430-elf/6.2.1/../../../../msp430-elf/lib\libc.a(lib_a-findfp.o)
                0x0000a216                __sfp
 .text.__sfp_lock_acquire
                0x0000a2c2        0x2 c:/ti/msp430_gcc/bin/../lib/gcc/msp430-elf/6.2.1/../../../../msp430-elf/lib\libc.a(lib_a-findfp.o)
                0x0000a2c2                __sfp_lock_acquire
 .text.__sfp_lock_release
                0x0000a2c4        0x2 c:/ti/msp430_gcc/bin/../lib/gcc/msp430-elf/6.2.1/../../../../msp430-elf/lib\libc.a(lib_a-findfp.o)
                0x0000a2c4                __sfp_lock_release
 .text.__sinit_lock_acquire
                0x0000a2c6        0x2 c:/ti/msp430_gcc/bin/../lib/gcc/msp430-elf/6.2.1/../../../../msp430-elf/lib\libc.a(lib_a-findfp.o)
                0x0000a2c6                __sinit_lock_acquire
 .text.__sinit_lock_release
                0x0000a2c8        0x2 c:/ti/msp430_gcc/bin/../lib/gcc/msp430-elf/6.2.1/../../../../msp430-elf/lib\libc.a(lib_a-findfp.o)
                0x0000a2c8                __sinit_lock_release
 .text.__fp_lock_all
                0x0000a2ca        0xe c:/ti/msp430_gcc/bin/../lib/gcc/msp430-elf/6.2.1/../../../../msp430-elf/lib\libc.a(lib_a-findfp.o)
                0x0000a2ca                __fp_lock_all
 .text.__fp_unlock_all
                0x0000a2d8        0xe c:/ti/msp430_gcc/bin/../lib/gcc/msp430-elf/6.2.1/../../../../msp430-elf/lib\libc.a(lib_a-findfp.o)
                0x0000a2d8                __fp_unlock_all
 .text          0x0000a2e6        0x0 c:/ti/msp430_gcc/bin/../lib/gcc/msp430-elf/6.2.1/../../../../msp430-elf/lib\libc.a(lib_a-fvwrite.o)
 .text.__sfvwrite_r
                0x0000a2e6      0x2f4 c:/ti/msp430_gcc/bin/../lib/gcc/msp430-elf/6.2.1/../../../../msp430-elf/lib\libc.a(lib_a-fvwrite.o)
                0x0000a2e6                __sfvwrite_r
 .text          0x0000a5da        0x0 c:/ti/msp430_gcc/bin/../lib/gcc/msp430-elf/6.2.1/../../../../msp430-elf/lib\libc.a(lib_a-fwalk.o)
 .text._fwalk   0x0000a5da       0x48 c:/ti/msp430_gcc/bin/../lib/gcc/msp430-elf/6.2.1/../../../../msp430-elf/lib\libc.a(lib_a-fwalk.o)
                0x0000a5da                _fwalk
 .text._fwalk_reent
                0x0000a622       0x4c c:/ti/msp430_gcc/bin/../lib/gcc/msp430-elf/6.2.1/../../../../msp430-elf/lib\libc.a(lib_a-fwalk.o)
                0x0000a622                _fwalk_reent
 .text          0x0000a66e        0x0 c:/ti/msp430_gcc/bin/../lib/gcc/msp430-elf/6.2.1/../../../../msp430-elf/lib\libc.a(lib_a-impure.o)
 .text          0x0000a66e        0x0 c:/ti/msp430_gcc/bin/../lib/gcc/msp430-elf/6.2.1/../../../../msp430-elf/lib\libc.a(lib_a-memchr.o)
 .text.memchr   0x0000a66e       0x18 c:/ti/msp430_gcc/bin/../lib/gcc/msp430-elf/6.2.1/../../../../msp430-elf/lib\libc.a(lib_a-memchr.o)
                0x0000a66e                memchr
 .text          0x0000a686        0x0 c:/ti/msp430_gcc/bin/../lib/gcc/msp430-elf/6.2.1/../../../../msp430-elf/lib\libc.a(lib_a-memmove.o)
 .text.memmove  0x0000a686       0x38 c:/ti/msp430_gcc/bin/../lib/gcc/msp430-elf/6.2.1/../../../../msp430-elf/lib\libc.a(lib_a-memmove.o)
                0x0000a686                memmove
 .text          0x0000a6be        0x0 c:/ti/msp430_gcc/bin/../lib/gcc/msp430-elf/6.2.1/../../../../msp430-elf/lib\libc.a(lib_a-nano-freer.o)
 .text._free_r  0x0000a6be       0xe6 c:/ti/msp430_gcc/bin/../lib/gcc/msp430-elf/6.2.1/../../../../msp430-elf/lib\libc.a(lib_a-nano-freer.o)
                0x0000a6be                _free_r
 .text          0x0000a7a4        0x0 c:/ti/msp430_gcc/bin/../lib/gcc/msp430-elf/6.2.1/../../../../msp430-elf/lib\libc.a(lib_a-nano-mallocr.o)
 .text._malloc_r
                0x0000a7a4       0xf2 c:/ti/msp430_gcc/bin/../lib/gcc/msp430-elf/6.2.1/../../../../msp430-elf/lib\libc.a(lib_a-nano-mallocr.o)
                0x0000a7a4                _malloc_r
 .text          0x0000a896        0x0 c:/ti/msp430_gcc/bin/../lib/gcc/msp430-elf/6.2.1/../../../../msp430-elf/lib\libc.a(lib_a-nano-reallocr.o)
 .text._realloc_r
                0x0000a896       0x52 c:/ti/msp430_gcc/bin/../lib/gcc/msp430-elf/6.2.1/../../../../msp430-elf/lib\libc.a(lib_a-nano-reallocr.o)
                0x0000a896                _realloc_r
 .text          0x0000a8e8        0x0 c:/ti/msp430_gcc/bin/../lib/gcc/msp430-elf/6.2.1/../../../../msp430-elf/lib\libc.a(lib_a-sbrkr.o)
 .text._sbrk_r  0x0000a8e8       0x22 c:/ti/msp430_gcc/bin/../lib/gcc/msp430-elf/6.2.1/../../../../msp430-elf/lib\libc.a(lib_a-sbrkr.o)
                0x0000a8e8                _sbrk_r
 .text          0x0000a90a        0x0 c:/ti/msp430_gcc/bin/../lib/gcc/msp430-elf/6.2.1/../../../../msp430-elf/lib\libc.a(lib_a-stdio.o)
 .text.__sread  0x0000a90a       0x38 c:/ti/msp430_gcc/bin/../lib/gcc/msp430-elf/6.2.1/../../../../msp430-elf/lib\libc.a(lib_a-stdio.o)
                0x0000a90a                __sread
 .text.__seofread
                0x0000a942        0x4 c:/ti/msp430_gcc/bin/../lib/gcc/msp430-elf/6.2.1/../../../../msp430-elf/lib\libc.a(lib_a-stdio.o)
                0x0000a942                __seofread
 .text.__swrite
                0x0000a946       0x3c c:/ti/msp430_gcc/bin/../lib/gcc/msp430-elf/6.2.1/../../../../msp430-elf/lib\libc.a(lib_a-stdio.o)
                0x0000a946                __swrite
 .text.__sseek  0x0000a982       0x38 c:/ti/msp430_gcc/bin/../lib/gcc/msp430-elf/6.2.1/../../../../msp430-elf/lib\libc.a(lib_a-stdio.o)
                0x0000a982                __sseek
 .text.__sclose
                0x0000a9ba        0xa c:/ti/msp430_gcc/bin/../lib/gcc/msp430-elf/6.2.1/../../../../msp430-elf/lib\libc.a(lib_a-stdio.o)
                0x0000a9ba                __sclose
 .text          0x0000a9c4        0x0 c:/ti/msp430_gcc/bin/../lib/gcc/msp430-elf/6.2.1/../../../../msp430-elf/lib\libc.a(lib_a-writer.o)
 .text._write_r
                0x0000a9c4       0x26 c:/ti/msp430_gcc/bin/../lib/gcc/msp430-elf/6.2.1/../../../../msp430-elf/lib\libc.a(lib_a-writer.o)
                0x0000a9c4                _write_r
 .text          0x0000a9ea        0x0 c:/ti/msp430_gcc/bin/../lib/gcc/msp430-elf/6.2.1/../../../../msp430-elf/lib\libc.a(lib_a-wsetup.o)
 .text.__swsetup_r
                0x0000a9ea       0xf4 c:/ti/msp430_gcc/bin/../lib/gcc/msp430-elf/6.2.1/../../../../msp430-elf/lib\libc.a(lib_a-wsetup.o)
                0x0000a9ea                __swsetup_r
 .text          0x0000aade        0x0 c:/ti/msp430_gcc/bin/../lib/gcc/msp430-elf/6.2.1/../../../../msp430-elf/lib\libc.a(lib_a-closer.o)
 .text._close_r
                0x0000aade       0x22 c:/ti/msp430_gcc/bin/../lib/gcc/msp430-elf/6.2.1/../../../../msp430-elf/lib\libc.a(lib_a-closer.o)
                0x0000aade                _close_r
 .text          0x0000ab00        0x0 c:/ti/msp430_gcc/bin/../lib/gcc/msp430-elf/6.2.1/../../../../msp430-elf/lib\libc.a(lib_a-fclose.o)
 .text._fclose_r
                0x0000ab00       0xba c:/ti/msp430_gcc/bin/../lib/gcc/msp430-elf/6.2.1/../../../../msp430-elf/lib\libc.a(lib_a-fclose.o)
                0x0000ab00                _fclose_r
 .text.fclose   0x0000abba        0xc c:/ti/msp430_gcc/bin/../lib/gcc/msp430-elf/6.2.1/../../../../msp430-elf/lib\libc.a(lib_a-fclose.o)
                0x0000abba                fclose
 .text          0x0000abc6        0x0 c:/ti/msp430_gcc/bin/../lib/gcc/msp430-elf/6.2.1/../../../../msp430-elf/lib\libc.a(lib_a-fflush.o)
 .text.__sflush_r
                0x0000abc6      0x180 c:/ti/msp430_gcc/bin/../lib/gcc/msp430-elf/6.2.1/../../../../msp430-elf/lib\libc.a(lib_a-fflush.o)
                0x0000abc6                __sflush_r
 .text._fflush_r
                0x0000ad46       0x58 c:/ti/msp430_gcc/bin/../lib/gcc/msp430-elf/6.2.1/../../../../msp430-elf/lib\libc.a(lib_a-fflush.o)
                0x0000ad46                _fflush_r
 .text.fflush   0x0000ad9e       0x1e c:/ti/msp430_gcc/bin/../lib/gcc/msp430-elf/6.2.1/../../../../msp430-elf/lib\libc.a(lib_a-fflush.o)
                0x0000ad9e                fflush
 .text          0x0000adbc        0x0 c:/ti/msp430_gcc/bin/../lib/gcc/msp430-elf/6.2.1/../../../../msp430-elf/lib\libc.a(lib_a-lseekr.o)
 .text._lseek_r
                0x0000adbc       0x2e c:/ti/msp430_gcc/bin/../lib/gcc/msp430-elf/6.2.1/../../../../msp430-elf/lib\libc.a(lib_a-lseekr.o)
                0x0000adbc                _lseek_r
 .text          0x0000adea        0x0 c:/ti/msp430_gcc/bin/../lib/gcc/msp430-elf/6.2.1/../../../../msp430-elf/lib\libc.a(lib_a-makebuf.o)
 .text.__swhatbuf_r
                0x0000adea       0x68 c:/ti/msp430_gcc/bin/../lib/gcc/msp430-elf/6.2.1/../../../../msp430-elf/lib\libc.a(lib_a-makebuf.o)
                0x0000adea                __swhatbuf_r
 .text.__smakebuf_r
                0x0000ae52       0x86 c:/ti/msp430_gcc/bin/../lib/gcc/msp430-elf/6.2.1/../../../../msp430-elf/lib\libc.a(lib_a-makebuf.o)
                0x0000ae52                __smakebuf_r
 .text          0x0000aed8        0x0 c:/ti/msp430_gcc/bin/../lib/gcc/msp430-elf/6.2.1/../../../../msp430-elf/lib\libc.a(lib_a-nano-msizer.o)
 .text._malloc_usable_size_r
                0x0000aed8       0x14 c:/ti/msp430_gcc/bin/../lib/gcc/msp430-elf/6.2.1/../../../../msp430-elf/lib\libc.a(lib_a-nano-msizer.o)
                0x0000aed8                _malloc_usable_size_r
 .text          0x0000aeec        0x0 c:/ti/msp430_gcc/bin/../lib/gcc/msp430-elf/6.2.1/../../../../msp430-elf/lib\libc.a(lib_a-readr.o)
 .text._read_r  0x0000aeec       0x26 c:/ti/msp430_gcc/bin/../lib/gcc/msp430-elf/6.2.1/../../../../msp430-elf/lib\libc.a(lib_a-readr.o)
                0x0000aeec                _read_r
 .text          0x0000af12        0x0 c:/ti/msp430_gcc/bin/../lib/gcc/msp430-elf/6.2.1/../../../../msp430-elf/lib\libc.a(lib_a-reent.o)
 .text.cleanup_glue
                0x0000af12       0x1c c:/ti/msp430_gcc/bin/../lib/gcc/msp430-elf/6.2.1/../../../../msp430-elf/lib\libc.a(lib_a-reent.o)
                0x0000af12                cleanup_glue
 .text._reclaim_reent
                0x0000af2e      0x104 c:/ti/msp430_gcc/bin/../lib/gcc/msp430-elf/6.2.1/../../../../msp430-elf/lib\libc.a(lib_a-reent.o)
                0x0000af2e                _reclaim_reent
 .text          0x0000b032        0x0 c:/ti/msp430_gcc/bin/../lib/gcc/msp430-elf/6.2.1/../../../../msp430-elf/lib\libc.a(lib_a-fstatr.o)
 .text._fstat_r
                0x0000b032       0x24 c:/ti/msp430_gcc/bin/../lib/gcc/msp430-elf/6.2.1/../../../../msp430-elf/lib\libc.a(lib_a-fstatr.o)
                0x0000b032                _fstat_r
 .text          0x0000b056        0x0 c:/ti/msp430_gcc/bin/../lib/gcc/msp430-elf/6.2.1/../../../../msp430-elf/lib\libc.a(lib_a-isattyr.o)
 .text._isatty_r
                0x0000b056       0x22 c:/ti/msp430_gcc/bin/../lib/gcc/msp430-elf/6.2.1/../../../../msp430-elf/lib\libc.a(lib_a-isattyr.o)
                0x0000b056                _isatty_r
 .text          0x0000b078        0x0 c:/ti/msp430_gcc/bin/../lib/gcc/msp430-elf/6.2.1\libgcc.a(_muldi3.o)
 .text.__muldi3
                0x0000b078      0x14a c:/ti/msp430_gcc/bin/../lib/gcc/msp430-elf/6.2.1\libgcc.a(_muldi3.o)
                0x0000b078                __mspabi_mpyll
 .text          0x0000b1c2        0x0 c:/ti/msp430_gcc/bin/../lib/gcc/msp430-elf/6.2.1/../../../../msp430-elf/lib\libcrt.a(crt_bss.o)
 .text          0x0000b1c2        0x0 c:/ti/msp430_gcc/bin/../lib/gcc/msp430-elf/6.2.1/../../../../msp430-elf/lib\libcrt.a(crt_movedata.o)
 .text          0x0000b1c2        0x0 c:/ti/msp430_gcc/bin/../lib/gcc/msp430-elf/6.2.1/../../../../msp430-elf/lib\libcrt.a(crt_main.o)
 .text          0x0000b1c2        0x0 c:/ti/msp430_gcc/bin/../lib/gcc/msp430-elf/6.2.1/../../../../msp430-elf/lib\libcrt.a(crt_callexit.o)
 .text          0x0000b1c2        0x0 c:/ti/msp430_gcc/bin/../lib/gcc/msp430-elf/6.2.1/../../../../msp430-elf/lib\libnosys.a(ciosyscalls.o)
 .text.exit     0x0000b1c2        0x2 c:/ti/msp430_gcc/bin/../lib/gcc/msp430-elf/6.2.1/../../../../msp430-elf/lib\libnosys.a(ciosyscalls.o)
                0x0000b1c2                _exit
                0x0000b1c2                exit
 .text.isatty   0x0000b1c4        0x4 c:/ti/msp430_gcc/bin/../lib/gcc/msp430-elf/6.2.1/../../../../msp430-elf/lib\libnosys.a(ciosyscalls.o)
                0x0000b1c4                _isatty
                0x0000b1c4                isatty
 .text.getpid   0x0000b1c8        0x6 c:/ti/msp430_gcc/bin/../lib/gcc/msp430-elf/6.2.1/../../../../msp430-elf/lib\libnosys.a(ciosyscalls.o)
                0x0000b1c8                getpid
 .text.open     0x0000b1ce        0xe c:/ti/msp430_gcc/bin/../lib/gcc/msp430-elf/6.2.1/../../../../msp430-elf/lib\libnosys.a(ciosyscalls.o)
                0x0000b1ce                open
 .text.close    0x0000b1dc        0xe c:/ti/msp430_gcc/bin/../lib/gcc/msp430-elf/6.2.1/../../../../msp430-elf/lib\libnosys.a(ciosyscalls.o)
                0x0000b1dc                close
 .text.read     0x0000b1ea        0xe c:/ti/msp430_gcc/bin/../lib/gcc/msp430-elf/6.2.1/../../../../msp430-elf/lib\libnosys.a(ciosyscalls.o)
                0x0000b1ea                read
 .text.fstat    0x0000b1f8        0xe c:/ti/msp430_gcc/bin/../lib/gcc/msp430-elf/6.2.1/../../../../msp430-elf/lib\libnosys.a(ciosyscalls.o)
                0x0000b1f8                fstat
 .text.lseek    0x0000b206        0xe c:/ti/msp430_gcc/bin/../lib/gcc/msp430-elf/6.2.1/../../../../msp430-elf/lib\libnosys.a(ciosyscalls.o)
                0x0000b206                lseek
 .text.kill     0x0000b214        0xe c:/ti/msp430_gcc/bin/../lib/gcc/msp430-elf/6.2.1/../../../../msp430-elf/lib\libnosys.a(ciosyscalls.o)
                0x0000b214                kill
 .text          0x0000b222        0x0 c:/ti/msp430_gcc/bin/../lib/gcc/msp430-elf/6.2.1/../../../../msp430-elf/lib\libnosys.a(write.o)
 .text.write    0x0000b222       0x72 c:/ti/msp430_gcc/bin/../lib/gcc/msp430-elf/6.2.1/../../../../msp430-elf/lib\libnosys.a(write.o)
                0x0000b222                write
 .text          0x0000b294        0x0 c:/ti/msp430_gcc/bin/../lib/gcc/msp430-elf/6.2.1/../../../../msp430-elf/lib\libnosys.a(sbrk.o)
 .text._sbrk    0x0000b294       0x30 c:/ti/msp430_gcc/bin/../lib/gcc/msp430-elf/6.2.1/../../../../msp430-elf/lib\libnosys.a(sbrk.o)
                0x0000b294                sbrk
                0x0000b294                _sbrk
 .text          0x0000b2c4        0x4 c:/ti/msp430_gcc/bin/../lib/gcc/msp430-elf/6.2.1/../../../../msp430-elf/lib\libnosys.a(cio.o)
                0x0000b2c4                _libgloss_cio_hook
                0x0000b2c4                C$$IO$$
 .text          0x0000b2c8        0x0 c:/ti/msp430_gcc/bin/../lib/gcc/msp430-elf/6.2.1/../../../../msp430-elf/lib\libc.a(lib_a-abort.o)
 .text.abort    0x0000b2c8        0xe c:/ti/msp430_gcc/bin/../lib/gcc/msp430-elf/6.2.1/../../../../msp430-elf/lib\libc.a(lib_a-abort.o)
                0x0000b2c8                abort
 .text          0x0000b2d6        0x0 c:/ti/msp430_gcc/bin/../lib/gcc/msp430-elf/6.2.1/../../../../msp430-elf/lib\libc.a(lib_a-errno.o)
 .text.__errno  0x0000b2d6        0x6 c:/ti/msp430_gcc/bin/../lib/gcc/msp430-elf/6.2.1/../../../../msp430-elf/lib\libc.a(lib_a-errno.o)
                0x0000b2d6                __errno
 .text          0x0000b2dc        0x0 c:/ti/msp430_gcc/bin/../lib/gcc/msp430-elf/6.2.1/../../../../msp430-elf/lib\libc.a(lib_a-signal.o)
 .text._init_signal_r
                0x0000b2dc       0x36 c:/ti/msp430_gcc/bin/../lib/gcc/msp430-elf/6.2.1/../../../../msp430-elf/lib\libc.a(lib_a-signal.o)
                0x0000b2dc                _init_signal_r
 .text._signal_r
                0x0000b312       0x3a c:/ti/msp430_gcc/bin/../lib/gcc/msp430-elf/6.2.1/../../../../msp430-elf/lib\libc.a(lib_a-signal.o)
                0x0000b312                _signal_r
 .text._raise_r
                0x0000b34c       0x5c c:/ti/msp430_gcc/bin/../lib/gcc/msp430-elf/6.2.1/../../../../msp430-elf/lib\libc.a(lib_a-signal.o)
                0x0000b34c                _raise_r
 .text.__sigtramp_r
                0x0000b3a8       0x54 c:/ti/msp430_gcc/bin/../lib/gcc/msp430-elf/6.2.1/../../../../msp430-elf/lib\libc.a(lib_a-signal.o)
                0x0000b3a8                __sigtramp_r
 .text.raise    0x0000b3fc        0xc c:/ti/msp430_gcc/bin/../lib/gcc/msp430-elf/6.2.1/../../../../msp430-elf/lib\libc.a(lib_a-signal.o)
                0x0000b3fc                raise
 .text.signal   0x0000b408        0xe c:/ti/msp430_gcc/bin/../lib/gcc/msp430-elf/6.2.1/../../../../msp430-elf/lib\libc.a(lib_a-signal.o)
                0x0000b408                signal
 .text._init_signal
                0x0000b416        0xa c:/ti/msp430_gcc/bin/../lib/gcc/msp430-elf/6.2.1/../../../../msp430-elf/lib\libc.a(lib_a-signal.o)
                0x0000b416                _init_signal
 .text.__sigtramp
                0x0000b420        0xc c:/ti/msp430_gcc/bin/../lib/gcc/msp430-elf/6.2.1/../../../../msp430-elf/lib\libc.a(lib_a-signal.o)
                0x0000b420                __sigtramp
 .text          0x0000b42c        0x0 c:/ti/msp430_gcc/bin/../lib/gcc/msp430-elf/6.2.1/../../../../msp430-elf/lib\libc.a(lib_a-signalr.o)
 .text._kill_r  0x0000b42c       0x24 c:/ti/msp430_gcc/bin/../lib/gcc/msp430-elf/6.2.1/../../../../msp430-elf/lib\libc.a(lib_a-signalr.o)
                0x0000b42c                _kill_r
 .text._getpid_r
                0x0000b450        0x6 c:/ti/msp430_gcc/bin/../lib/gcc/msp430-elf/6.2.1/../../../../msp430-elf/lib\libc.a(lib_a-signalr.o)
                0x0000b450                _getpid_r
 .text          0x0000b456        0x2 c:/ti/msp430_gcc/bin/../lib/gcc/msp430-elf/6.2.1/crtend.o
 .text.__do_global_ctors_aux
                0x0000b458       0x18 c:/ti/msp430_gcc/bin/../lib/gcc/msp430-elf/6.2.1/crtend.o
 .text.call___do_global_ctors_aux
                0x0000b470        0x0 c:/ti/msp430_gcc/bin/../lib/gcc/msp430-elf/6.2.1/crtend.o
 .text          0x0000b470        0x0 c:/ti/msp430_gcc/bin/../lib/gcc/msp430-elf/6.2.1/../../../../msp430-elf/lib/crtn.o
 *(.text.*personality*)
 *(.gnu.warning)
 *(.interp .hash .dynsym .dynstr .gnu.version*)
                [!provide]                PROVIDE (__etext, .)
                [!provide]                PROVIDE (_etext, .)
                [!provide]                PROVIDE (etext, .)
                0x0000b470                . = ALIGN (0x2)
 *(.init)
 .init          0x0000b470        0x0 c:/ti/msp430_gcc/bin/../lib/gcc/msp430-elf/6.2.1/../../../../msp430-elf/lib/crt0.o
                0x0000b470                __msp430_init
 .init          0x0000b470        0x4 c:/ti/msp430_gcc/bin/../lib/gcc/msp430-elf/6.2.1/crtbegin.o
 .init          0x0000b474        0x4 c:/ti/msp430_gcc/bin/../lib/gcc/msp430-elf/6.2.1/crtend.o
 .init          0x0000b478        0xa c:/ti/msp430_gcc/bin/../lib/gcc/msp430-elf/6.2.1/../../../../msp430-elf/lib/crtn.o
                0x0000b482                __msp430_init_end
 *(.fini)
 .fini          0x0000b482        0x4 c:/ti/msp430_gcc/bin/../lib/gcc/msp430-elf/6.2.1/../../../../msp430-elf/lib/crt0.o
                0x0000b482                __msp430_fini
 .fini          0x0000b486        0x4 c:/ti/msp430_gcc/bin/../lib/gcc/msp430-elf/6.2.1/crtbegin.o
 .fini          0x0000b48a        0x2 c:/ti/msp430_gcc/bin/../lib/gcc/msp430-elf/6.2.1/../../../../msp430-elf/lib/crtn.o
                0x0000b48c                __msp430_fini_end
 *(.tm_clone_table)
 .tm_clone_table
                0x0000b48c        0x0 c:/ti/msp430_gcc/bin/../lib/gcc/msp430-elf/6.2.1/crtbegin.o
 .tm_clone_table
                0x0000b48c        0x0 c:/ti/msp430_gcc/bin/../lib/gcc/msp430-elf/6.2.1/crtend.o
                0x0000b48c                __TMC_END__
                0x0000b48c                . = ALIGN (0x2)
                0x0000b48c                os_taskCount = .
                0x0000b48c        0x1 BYTE 0x2 ((__os_tasksEnd - __os_tasksBegin) / (__os_tasksOther - __os_tasksBegin))

.upper.text     0x00010000        0x0
                0x00010000                . = ALIGN (0x2)
 *(.upper.text.* .upper.text)

.infoA

.infoB

.infoC

.infoD

.upper          0x00002a72        0x0
 *(.upper.bss.* .upper.bss)
 *(.upper.data.* .upper.data)
                0x00000001                ASSERT ((SIZEOF (.upper) == 0x0), This MCU does not support placing read/write data into high memory)

.MP430.attributes
                0x00000000      0x605
 *(.MSP430.attributes)
 .MSP430.attributes
                0x00000000       0x17 c:/ti/msp430_gcc/bin/../lib/gcc/msp430-elf/6.2.1/../../../../msp430-elf/lib/crt0.o
 .MSP430.attributes
                0x00000017       0x17 c:/ti/msp430_gcc/bin/../lib/gcc/msp430-elf/6.2.1/crtbegin.o
 .MSP430.attributes
                0x0000002e       0x17 ./src/can.o
 .MSP430.attributes
                0x00000045       0x17 ./src/main.o
 .MSP430.attributes
                0x0000005c       0x17 c:/ti/msp430_gcc/bin/../lib/gcc/msp430-elf/6.2.1\libgcc.a(lib2divSI.o)
 .MSP430.attributes
                0x00000073       0x17 c:/ti/msp430_gcc/bin/../lib/gcc/msp430-elf/6.2.1\libgcc.a(slli.o)
 .MSP430.attributes
                0x0000008a       0x17 c:/ti/msp430_gcc/bin/../lib/gcc/msp430-elf/6.2.1\libgcc.a(srai.o)
 .MSP430.attributes
                0x000000a1       0x17 c:/ti/msp430_gcc/bin/../lib/gcc/msp430-elf/6.2.1\libgcc.a(srli.o)
 .MSP430.attributes
                0x000000b8       0x17 c:/ti/msp430_gcc/bin/../lib/gcc/msp430-elf/6.2.1\libgcc.a(_udivdi3.o)
 .MSP430.attributes
                0x000000cf       0x17 c:/ti/msp430_gcc/bin/../lib/gcc/msp430-elf/6.2.1\libgcc.a(_lshrdi3.o)
 .MSP430.attributes
                0x000000e6       0x17 c:/ti/msp430_gcc/bin/../lib/gcc/msp430-elf/6.2.1\libgcc.a(_ashldi3.o)
 .MSP430.attributes
                0x000000fd       0x17 c:/ti/msp430_gcc/bin/../lib/gcc/msp430-elf/6.2.1\libgcc.a(_clzdi2.o)
 .MSP430.attributes
                0x00000114       0x17 c:/ti/msp430_gcc/bin/../lib/gcc/msp430-elf/6.2.1\libgcc.a(_clz.o)
 .MSP430.attributes
                0x0000012b       0x17 E:/TUGraz/ICE/RTBS/Lab/RTBS_BaseProject/RTBS_BaseProject/libs/RTOS\libBase_RTOS_lib.a(core.o)
 .MSP430.attributes
                0x00000142       0x17 E:/TUGraz/ICE/RTBS/Lab/RTBS_BaseProject/RTBS_BaseProject/libs/RTOS\libBase_RTOS_lib.a(kernel.o)
 .MSP430.attributes
                0x00000159       0x17 E:/TUGraz/ICE/RTBS/Lab/RTBS_BaseProject/RTBS_BaseProject/libs/RTOS\libBase_RTOS_lib.a(timer.o)
 .MSP430.attributes
                0x00000170       0x17 E:/TUGraz/ICE/RTBS/Lab/RTBS_BaseProject/RTBS_BaseProject/libs/RTOS\libBase_RTOS_lib.a(sysinfo.o)
 .MSP430.attributes
                0x00000187       0x17 E:/TUGraz/ICE/RTBS/Lab/RTBS_BaseProject/RTBS_BaseProject/libs/RTOS\libBase_RTOS_lib.a(printfx.o)
 .MSP430.attributes
                0x0000019e       0x17 E:/TUGraz/ICE/RTBS/Lab/RTBS_BaseProject/RTBS_BaseProject/libs/RTOS\libBase_RTOS_lib.a(sysclk.o)
 .MSP430.attributes
                0x000001b5       0x17 E:/TUGraz/ICE/RTBS/Lab/RTBS_BaseProject/RTBS_BaseProject/libs/RTOS\libBase_RTOS_lib.a(uart_tx.o)
 .MSP430.attributes
                0x000001cc       0x17 E:/TUGraz/ICE/RTBS/Lab/RTBS_BaseProject/RTBS_BaseProject/libs/RTOS\libBase_RTOS_lib.a(pmm.o)
 .MSP430.attributes
                0x000001e3       0x17 E:/TUGraz/ICE/RTBS/Lab/RTBS_BaseProject/RTBS_BaseProject/libs\libRTBS_CAN_Tests.a(can_tests.o)
 .MSP430.attributes
                0x000001fa       0x17 c:/ti/msp430_gcc/bin/../lib/gcc/msp430-elf/6.2.1\libgcc.a(lib2divHI.o)
 .MSP430.attributes
                0x00000211       0x17 c:/ti/msp430_gcc/bin/../lib/gcc/msp430-elf/6.2.1\libmul_f5.a(lib2hw_mul_f5.o)
 .MSP430.attributes
                0x00000228       0x17 c:/ti/msp430_gcc/bin/../lib/gcc/msp430-elf/6.2.1/../../../../msp430-elf/lib\libc.a(lib_a-memcmp.o)
 .MSP430.attributes
                0x0000023f       0x17 c:/ti/msp430_gcc/bin/../lib/gcc/msp430-elf/6.2.1/../../../../msp430-elf/lib\libc.a(lib_a-memcpy.o)
 .MSP430.attributes
                0x00000256       0x17 c:/ti/msp430_gcc/bin/../lib/gcc/msp430-elf/6.2.1/../../../../msp430-elf/lib\libc.a(lib_a-memset.o)
 .MSP430.attributes
                0x0000026d       0x17 c:/ti/msp430_gcc/bin/../lib/gcc/msp430-elf/6.2.1/../../../../msp430-elf/lib\libc.a(lib_a-puts.o)
 .MSP430.attributes
                0x00000284       0x17 c:/ti/msp430_gcc/bin/../lib/gcc/msp430-elf/6.2.1/../../../../msp430-elf/lib\libc.a(lib_a-strlen.o)
 .MSP430.attributes
                0x0000029b       0x17 c:/ti/msp430_gcc/bin/../lib/gcc/msp430-elf/6.2.1/../../../../msp430-elf/lib\libc.a(lib_a-findfp.o)
 .MSP430.attributes
                0x000002b2       0x17 c:/ti/msp430_gcc/bin/../lib/gcc/msp430-elf/6.2.1/../../../../msp430-elf/lib\libc.a(lib_a-fvwrite.o)
 .MSP430.attributes
                0x000002c9       0x17 c:/ti/msp430_gcc/bin/../lib/gcc/msp430-elf/6.2.1/../../../../msp430-elf/lib\libc.a(lib_a-fwalk.o)
 .MSP430.attributes
                0x000002e0       0x17 c:/ti/msp430_gcc/bin/../lib/gcc/msp430-elf/6.2.1/../../../../msp430-elf/lib\libc.a(lib_a-impure.o)
 .MSP430.attributes
                0x000002f7       0x17 c:/ti/msp430_gcc/bin/../lib/gcc/msp430-elf/6.2.1/../../../../msp430-elf/lib\libc.a(lib_a-memchr.o)
 .MSP430.attributes
                0x0000030e       0x17 c:/ti/msp430_gcc/bin/../lib/gcc/msp430-elf/6.2.1/../../../../msp430-elf/lib\libc.a(lib_a-memmove.o)
 .MSP430.attributes
                0x00000325       0x17 c:/ti/msp430_gcc/bin/../lib/gcc/msp430-elf/6.2.1/../../../../msp430-elf/lib\libc.a(lib_a-nano-freer.o)
 .MSP430.attributes
                0x0000033c       0x17 c:/ti/msp430_gcc/bin/../lib/gcc/msp430-elf/6.2.1/../../../../msp430-elf/lib\libc.a(lib_a-nano-mallocr.o)
 .MSP430.attributes
                0x00000353       0x17 c:/ti/msp430_gcc/bin/../lib/gcc/msp430-elf/6.2.1/../../../../msp430-elf/lib\libc.a(lib_a-nano-reallocr.o)
 .MSP430.attributes
                0x0000036a       0x17 c:/ti/msp430_gcc/bin/../lib/gcc/msp430-elf/6.2.1/../../../../msp430-elf/lib\libc.a(lib_a-sbrkr.o)
 .MSP430.attributes
                0x00000381       0x17 c:/ti/msp430_gcc/bin/../lib/gcc/msp430-elf/6.2.1/../../../../msp430-elf/lib\libc.a(lib_a-stdio.o)
 .MSP430.attributes
                0x00000398       0x17 c:/ti/msp430_gcc/bin/../lib/gcc/msp430-elf/6.2.1/../../../../msp430-elf/lib\libc.a(lib_a-writer.o)
 .MSP430.attributes
                0x000003af       0x17 c:/ti/msp430_gcc/bin/../lib/gcc/msp430-elf/6.2.1/../../../../msp430-elf/lib\libc.a(lib_a-wsetup.o)
 .MSP430.attributes
                0x000003c6       0x17 c:/ti/msp430_gcc/bin/../lib/gcc/msp430-elf/6.2.1/../../../../msp430-elf/lib\libc.a(lib_a-closer.o)
 .MSP430.attributes
                0x000003dd       0x17 c:/ti/msp430_gcc/bin/../lib/gcc/msp430-elf/6.2.1/../../../../msp430-elf/lib\libc.a(lib_a-fclose.o)
 .MSP430.attributes
                0x000003f4       0x17 c:/ti/msp430_gcc/bin/../lib/gcc/msp430-elf/6.2.1/../../../../msp430-elf/lib\libc.a(lib_a-fflush.o)
 .MSP430.attributes
                0x0000040b       0x17 c:/ti/msp430_gcc/bin/../lib/gcc/msp430-elf/6.2.1/../../../../msp430-elf/lib\libc.a(lib_a-lseekr.o)
 .MSP430.attributes
                0x00000422       0x17 c:/ti/msp430_gcc/bin/../lib/gcc/msp430-elf/6.2.1/../../../../msp430-elf/lib\libc.a(lib_a-makebuf.o)
 .MSP430.attributes
                0x00000439       0x17 c:/ti/msp430_gcc/bin/../lib/gcc/msp430-elf/6.2.1/../../../../msp430-elf/lib\libc.a(lib_a-nano-msizer.o)
 .MSP430.attributes
                0x00000450       0x17 c:/ti/msp430_gcc/bin/../lib/gcc/msp430-elf/6.2.1/../../../../msp430-elf/lib\libc.a(lib_a-readr.o)
 .MSP430.attributes
                0x00000467       0x17 c:/ti/msp430_gcc/bin/../lib/gcc/msp430-elf/6.2.1/../../../../msp430-elf/lib\libc.a(lib_a-reent.o)
 .MSP430.attributes
                0x0000047e       0x17 c:/ti/msp430_gcc/bin/../lib/gcc/msp430-elf/6.2.1/../../../../msp430-elf/lib\libc.a(lib_a-fstatr.o)
 .MSP430.attributes
                0x00000495       0x17 c:/ti/msp430_gcc/bin/../lib/gcc/msp430-elf/6.2.1/../../../../msp430-elf/lib\libc.a(lib_a-isattyr.o)
 .MSP430.attributes
                0x000004ac       0x17 c:/ti/msp430_gcc/bin/../lib/gcc/msp430-elf/6.2.1\libgcc.a(_muldi3.o)
 .MSP430.attributes
                0x000004c3       0x17 c:/ti/msp430_gcc/bin/../lib/gcc/msp430-elf/6.2.1/../../../../msp430-elf/lib\libcrt.a(crt_bss.o)
 .MSP430.attributes
                0x000004da       0x17 c:/ti/msp430_gcc/bin/../lib/gcc/msp430-elf/6.2.1/../../../../msp430-elf/lib\libcrt.a(crt_movedata.o)
 .MSP430.attributes
                0x000004f1       0x17 c:/ti/msp430_gcc/bin/../lib/gcc/msp430-elf/6.2.1/../../../../msp430-elf/lib\libcrt.a(crt_main.o)
 .MSP430.attributes
                0x00000508       0x17 c:/ti/msp430_gcc/bin/../lib/gcc/msp430-elf/6.2.1/../../../../msp430-elf/lib\libcrt.a(crt_callexit.o)
 .MSP430.attributes
                0x0000051f       0x17 c:/ti/msp430_gcc/bin/../lib/gcc/msp430-elf/6.2.1/../../../../msp430-elf/lib\libnosys.a(ciosyscalls.o)
 .MSP430.attributes
                0x00000536       0x17 c:/ti/msp430_gcc/bin/../lib/gcc/msp430-elf/6.2.1/../../../../msp430-elf/lib\libnosys.a(write.o)
 .MSP430.attributes
                0x0000054d       0x17 c:/ti/msp430_gcc/bin/../lib/gcc/msp430-elf/6.2.1/../../../../msp430-elf/lib\libnosys.a(sbrk.o)
 .MSP430.attributes
                0x00000564       0x17 c:/ti/msp430_gcc/bin/../lib/gcc/msp430-elf/6.2.1/../../../../msp430-elf/lib\libnosys.a(cio.o)
 .MSP430.attributes
                0x0000057b       0x17 c:/ti/msp430_gcc/bin/../lib/gcc/msp430-elf/6.2.1/../../../../msp430-elf/lib\libc.a(lib_a-abort.o)
 .MSP430.attributes
                0x00000592       0x17 c:/ti/msp430_gcc/bin/../lib/gcc/msp430-elf/6.2.1/../../../../msp430-elf/lib\libc.a(lib_a-errno.o)
 .MSP430.attributes
                0x000005a9       0x17 c:/ti/msp430_gcc/bin/../lib/gcc/msp430-elf/6.2.1/../../../../msp430-elf/lib\libc.a(lib_a-signal.o)
 .MSP430.attributes
                0x000005c0       0x17 c:/ti/msp430_gcc/bin/../lib/gcc/msp430-elf/6.2.1/../../../../msp430-elf/lib\libc.a(lib_a-signalr.o)
 .MSP430.attributes
                0x000005d7       0x17 c:/ti/msp430_gcc/bin/../lib/gcc/msp430-elf/6.2.1/crtend.o
 .MSP430.attributes
                0x000005ee       0x17 c:/ti/msp430_gcc/bin/../lib/gcc/msp430-elf/6.2.1/../../../../msp430-elf/lib/crtn.o
 *(.gnu.attributes)
 *(__TI_build_attributes)

.stab
 *(.stab)

.stabstr
 *(.stabstr)

.stab.excl
 *(.stab.excl)

.stab.exclstr
 *(.stab.exclstr)

.stab.index
 *(.stab.index)

.stab.indexstr
 *(.stab.indexstr)

.comment        0x00000000       0xca
 *(.comment)
 .comment       0x00000000       0x49 c:/ti/msp430_gcc/bin/../lib/gcc/msp430-elf/6.2.1/crtbegin.o
                                 0x4a (size before relaxing)
 .comment       0x00000049       0x4a ./src/can.o
 .comment       0x00000049       0x4a ./src/main.o
 .comment       0x00000049       0x4a c:/ti/msp430_gcc/bin/../lib/gcc/msp430-elf/6.2.1\libgcc.a(lib2divSI.o)
 .comment       0x00000049       0x4a c:/ti/msp430_gcc/bin/../lib/gcc/msp430-elf/6.2.1\libgcc.a(_udivdi3.o)
 .comment       0x00000049       0x4a c:/ti/msp430_gcc/bin/../lib/gcc/msp430-elf/6.2.1\libgcc.a(_lshrdi3.o)
 .comment       0x00000049       0x4a c:/ti/msp430_gcc/bin/../lib/gcc/msp430-elf/6.2.1\libgcc.a(_ashldi3.o)
 .comment       0x00000049       0x4a c:/ti/msp430_gcc/bin/../lib/gcc/msp430-elf/6.2.1\libgcc.a(_clzdi2.o)
 .comment       0x00000049       0x4a c:/ti/msp430_gcc/bin/../lib/gcc/msp430-elf/6.2.1\libgcc.a(_clz.o)
 .comment       0x00000049       0x41 E:/TUGraz/ICE/RTBS/Lab/RTBS_BaseProject/RTBS_BaseProject/libs/RTOS\libBase_RTOS_lib.a(kernel.o)
                                 0x42 (size before relaxing)
 .comment       0x0000008a       0x42 E:/TUGraz/ICE/RTBS/Lab/RTBS_BaseProject/RTBS_BaseProject/libs/RTOS\libBase_RTOS_lib.a(timer.o)
 .comment       0x0000008a       0x42 E:/TUGraz/ICE/RTBS/Lab/RTBS_BaseProject/RTBS_BaseProject/libs/RTOS\libBase_RTOS_lib.a(sysinfo.o)
 .comment       0x0000008a       0x42 E:/TUGraz/ICE/RTBS/Lab/RTBS_BaseProject/RTBS_BaseProject/libs/RTOS\libBase_RTOS_lib.a(printfx.o)
 .comment       0x0000008a       0x42 E:/TUGraz/ICE/RTBS/Lab/RTBS_BaseProject/RTBS_BaseProject/libs/RTOS\libBase_RTOS_lib.a(sysclk.o)
 .comment       0x0000008a       0x42 E:/TUGraz/ICE/RTBS/Lab/RTBS_BaseProject/RTBS_BaseProject/libs/RTOS\libBase_RTOS_lib.a(uart_tx.o)
 .comment       0x0000008a       0x42 E:/TUGraz/ICE/RTBS/Lab/RTBS_BaseProject/RTBS_BaseProject/libs/RTOS\libBase_RTOS_lib.a(pmm.o)
 .comment       0x0000008a       0x40 E:/TUGraz/ICE/RTBS/Lab/RTBS_BaseProject/RTBS_BaseProject/libs\libRTBS_CAN_Tests.a(can_tests.o)
                                 0x41 (size before relaxing)
 .comment       0x000000ca       0x4a c:/ti/msp430_gcc/bin/../lib/gcc/msp430-elf/6.2.1\libgcc.a(lib2divHI.o)
 .comment       0x000000ca       0x4a c:/ti/msp430_gcc/bin/../lib/gcc/msp430-elf/6.2.1/../../../../msp430-elf/lib\libc.a(lib_a-memcmp.o)
 .comment       0x000000ca       0x4a c:/ti/msp430_gcc/bin/../lib/gcc/msp430-elf/6.2.1/../../../../msp430-elf/lib\libc.a(lib_a-memcpy.o)
 .comment       0x000000ca       0x4a c:/ti/msp430_gcc/bin/../lib/gcc/msp430-elf/6.2.1/../../../../msp430-elf/lib\libc.a(lib_a-memset.o)
 .comment       0x000000ca       0x4a c:/ti/msp430_gcc/bin/../lib/gcc/msp430-elf/6.2.1/../../../../msp430-elf/lib\libc.a(lib_a-puts.o)
 .comment       0x000000ca       0x4a c:/ti/msp430_gcc/bin/../lib/gcc/msp430-elf/6.2.1/../../../../msp430-elf/lib\libc.a(lib_a-strlen.o)
 .comment       0x000000ca       0x4a c:/ti/msp430_gcc/bin/../lib/gcc/msp430-elf/6.2.1/../../../../msp430-elf/lib\libc.a(lib_a-findfp.o)
 .comment       0x000000ca       0x4a c:/ti/msp430_gcc/bin/../lib/gcc/msp430-elf/6.2.1/../../../../msp430-elf/lib\libc.a(lib_a-fvwrite.o)
 .comment       0x000000ca       0x4a c:/ti/msp430_gcc/bin/../lib/gcc/msp430-elf/6.2.1/../../../../msp430-elf/lib\libc.a(lib_a-fwalk.o)
 .comment       0x000000ca       0x4a c:/ti/msp430_gcc/bin/../lib/gcc/msp430-elf/6.2.1/../../../../msp430-elf/lib\libc.a(lib_a-impure.o)
 .comment       0x000000ca       0x4a c:/ti/msp430_gcc/bin/../lib/gcc/msp430-elf/6.2.1/../../../../msp430-elf/lib\libc.a(lib_a-memchr.o)